<?xml version="1.0" encoding="ISO-8859-1" ?>
<link_info>
   <banner>TI ARM Linker Unix v18.12.2.LTS</banner>
   <copyright>Copyright (c) 1996-2018 Texas Instruments Incorporated</copyright>
   <link_time>0x5dcb9f4a</link_time>
   <link_errors>0x0</link_errors>
   <output_file>2104_Project.out</output_file>
   <entry_point>
      <name>_c_int00_noargs</name>
      <address>0x3391</address>
   </entry_point>
   <input_file_list>
      <input_file id="fl-1">
         <path>./</path>
         <kind>object</kind>
         <file>config.obj</file>
         <name>config.obj</name>
      </input_file>
      <input_file id="fl-2">
         <path>./</path>
         <kind>object</kind>
         <file>lcd16.obj</file>
         <name>lcd16.obj</name>
      </input_file>
      <input_file id="fl-3">
         <path>./</path>
         <kind>object</kind>
         <file>main.obj</file>
         <name>main.obj</name>
      </input_file>
      <input_file id="fl-4">
         <path>./</path>
         <kind>object</kind>
         <file>startup_msp432p401r_ccs.obj</file>
         <name>startup_msp432p401r_ccs.obj</name>
      </input_file>
      <input_file id="fl-5">
         <path>./</path>
         <kind>object</kind>
         <file>system_msp432p401r.obj</file>
         <name>system_msp432p401r.obj</name>
      </input_file>
      <input_file id="fl-6">
         <path>./</path>
         <kind>object</kind>
         <file>temp_sensor.obj</file>
         <name>temp_sensor.obj</name>
      </input_file>
      <input_file id="fl-7">
         <path>./</path>
         <kind>object</kind>
         <file>ultrasonic.obj</file>
         <name>ultrasonic.obj</name>
      </input_file>
      <input_file id="fl-8">
         <path>./</path>
         <kind>object</kind>
         <file>wifi.obj</file>
         <name>wifi.obj</name>
      </input_file>
      <input_file id="fl-c">
         <kind>object</kind>
         <file>&lt;internal&gt;</file>
         <name>&lt;internal&gt;</name>
      </input_file>
      <input_file id="fl-c2">
         <path>/Applications/ti/ccs910/ccs/tools/compiler/ti-cgt-arm_18.12.2.LTS/lib/</path>
         <kind>archive</kind>
         <file>rtsv7M4_T_le_v4SPD16_eabi.lib</file>
         <name>printf.c.obj</name>
      </input_file>
      <input_file id="fl-c3">
         <path>/Applications/ti/ccs910/ccs/tools/compiler/ti-cgt-arm_18.12.2.LTS/lib/</path>
         <kind>archive</kind>
         <file>rtsv7M4_T_le_v4SPD16_eabi.lib</file>
         <name>_printfi.c.obj</name>
      </input_file>
      <input_file id="fl-c4">
         <path>/Applications/ti/ccs910/ccs/tools/compiler/ti-cgt-arm_18.12.2.LTS/lib/</path>
         <kind>archive</kind>
         <file>rtsv7M4_T_le_v4SPD16_eabi.lib</file>
         <name>fputc.c.obj</name>
      </input_file>
      <input_file id="fl-c5">
         <path>/Applications/ti/ccs910/ccs/tools/compiler/ti-cgt-arm_18.12.2.LTS/lib/</path>
         <kind>archive</kind>
         <file>rtsv7M4_T_le_v4SPD16_eabi.lib</file>
         <name>fputs.c.obj</name>
      </input_file>
      <input_file id="fl-c6">
         <path>/Applications/ti/ccs910/ccs/tools/compiler/ti-cgt-arm_18.12.2.LTS/lib/</path>
         <kind>archive</kind>
         <file>rtsv7M4_T_le_v4SPD16_eabi.lib</file>
         <name>_io_perm.c.obj</name>
      </input_file>
      <input_file id="fl-c7">
         <path>/Applications/ti/ccs910/ccs/tools/compiler/ti-cgt-arm_18.12.2.LTS/lib/</path>
         <kind>archive</kind>
         <file>rtsv7M4_T_le_v4SPD16_eabi.lib</file>
         <name>setvbuf.c.obj</name>
      </input_file>
      <input_file id="fl-c8">
         <path>/Applications/ti/ccs910/ccs/tools/compiler/ti-cgt-arm_18.12.2.LTS/lib/</path>
         <kind>archive</kind>
         <file>rtsv7M4_T_le_v4SPD16_eabi.lib</file>
         <name>s_frexp.c.obj</name>
      </input_file>
      <input_file id="fl-c9">
         <path>/Applications/ti/ccs910/ccs/tools/compiler/ti-cgt-arm_18.12.2.LTS/lib/</path>
         <kind>archive</kind>
         <file>rtsv7M4_T_le_v4SPD16_eabi.lib</file>
         <name>s_scalbn.c.obj</name>
      </input_file>
      <input_file id="fl-ca">
         <path>/Applications/ti/ccs910/ccs/tools/compiler/ti-cgt-arm_18.12.2.LTS/lib/</path>
         <kind>archive</kind>
         <file>rtsv7M4_T_le_v4SPD16_eabi.lib</file>
         <name>ull_div_t2.asm.obj</name>
      </input_file>
      <input_file id="fl-cb">
         <path>/Applications/ti/ccs910/ccs/tools/compiler/ti-cgt-arm_18.12.2.LTS/lib/</path>
         <kind>archive</kind>
         <file>rtsv7M4_T_le_v4SPD16_eabi.lib</file>
         <name>memset_t2.asm.obj</name>
      </input_file>
      <input_file id="fl-cc">
         <path>/Applications/ti/ccs910/ccs/tools/compiler/ti-cgt-arm_18.12.2.LTS/lib/</path>
         <kind>archive</kind>
         <file>rtsv7M4_T_le_v4SPD16_eabi.lib</file>
         <name>fd_add_t2.asm.obj</name>
      </input_file>
      <input_file id="fl-cd">
         <path>/Applications/ti/ccs910/ccs/tools/compiler/ti-cgt-arm_18.12.2.LTS/lib/</path>
         <kind>archive</kind>
         <file>rtsv7M4_T_le_v4SPD16_eabi.lib</file>
         <name>fd_cmp_t2.asm.obj</name>
      </input_file>
      <input_file id="fl-ce">
         <path>/Applications/ti/ccs910/ccs/tools/compiler/ti-cgt-arm_18.12.2.LTS/lib/</path>
         <kind>archive</kind>
         <file>rtsv7M4_T_le_v4SPD16_eabi.lib</file>
         <name>fd_div_t2.asm.obj</name>
      </input_file>
      <input_file id="fl-cf">
         <path>/Applications/ti/ccs910/ccs/tools/compiler/ti-cgt-arm_18.12.2.LTS/lib/</path>
         <kind>archive</kind>
         <file>rtsv7M4_T_le_v4SPD16_eabi.lib</file>
         <name>fd_mul_t2.asm.obj</name>
      </input_file>
      <input_file id="fl-d0">
         <path>/Applications/ti/ccs910/ccs/tools/compiler/ti-cgt-arm_18.12.2.LTS/lib/</path>
         <kind>archive</kind>
         <file>rtsv7M4_T_le_v4SPD16_eabi.lib</file>
         <name>fd_toi_t2.asm.obj</name>
      </input_file>
      <input_file id="fl-d1">
         <path>/Applications/ti/ccs910/ccs/tools/compiler/ti-cgt-arm_18.12.2.LTS/lib/</path>
         <kind>archive</kind>
         <file>rtsv7M4_T_le_v4SPD16_eabi.lib</file>
         <name>fd_tos_t2.asm.obj</name>
      </input_file>
      <input_file id="fl-d2">
         <path>/Applications/ti/ccs910/ccs/tools/compiler/ti-cgt-arm_18.12.2.LTS/lib/</path>
         <kind>archive</kind>
         <file>rtsv7M4_T_le_v4SPD16_eabi.lib</file>
         <name>fs_tod_t2.asm.obj</name>
      </input_file>
      <input_file id="fl-d3">
         <path>/Applications/ti/ccs910/ccs/tools/compiler/ti-cgt-arm_18.12.2.LTS/lib/</path>
         <kind>archive</kind>
         <file>rtsv7M4_T_le_v4SPD16_eabi.lib</file>
         <name>i_tofd_t2.asm.obj</name>
      </input_file>
      <input_file id="fl-d4">
         <path>/Applications/ti/ccs910/ccs/tools/compiler/ti-cgt-arm_18.12.2.LTS/lib/</path>
         <kind>archive</kind>
         <file>rtsv7M4_T_le_v4SPD16_eabi.lib</file>
         <name>memcpy_t2.asm.obj</name>
      </input_file>
      <input_file id="fl-d5">
         <path>/Applications/ti/ccs910/ccs/tools/compiler/ti-cgt-arm_18.12.2.LTS/lib/</path>
         <kind>archive</kind>
         <file>rtsv7M4_T_le_v4SPD16_eabi.lib</file>
         <name>copy_zero_init.c.obj</name>
      </input_file>
      <input_file id="fl-d6">
         <path>/Applications/ti/ccs910/ccs/tools/compiler/ti-cgt-arm_18.12.2.LTS/lib/</path>
         <kind>archive</kind>
         <file>rtsv7M4_T_le_v4SPD16_eabi.lib</file>
         <name>copy_decompress_none.c.obj</name>
      </input_file>
      <input_file id="fl-d7">
         <path>/Applications/ti/ccs910/ccs/tools/compiler/ti-cgt-arm_18.12.2.LTS/lib/</path>
         <kind>archive</kind>
         <file>rtsv7M4_T_le_v4SPD16_eabi.lib</file>
         <name>copy_decompress_lzss.c.obj</name>
      </input_file>
      <input_file id="fl-d8">
         <path>/Applications/ti/ccs910/ccs/tools/compiler/ti-cgt-arm_18.12.2.LTS/lib/</path>
         <kind>archive</kind>
         <file>rtsv7M4_T_le_v4SPD16_eabi.lib</file>
         <name>exit.c.obj</name>
      </input_file>
      <input_file id="fl-d9">
         <path>/Applications/ti/ccs910/ccs/tools/compiler/ti-cgt-arm_18.12.2.LTS/lib/</path>
         <kind>archive</kind>
         <file>rtsv7M4_T_le_v4SPD16_eabi.lib</file>
         <name>_lock.c.obj</name>
      </input_file>
      <input_file id="fl-da">
         <path>/Applications/ti/ccs910/ccs/tools/compiler/ti-cgt-arm_18.12.2.LTS/lib/</path>
         <kind>archive</kind>
         <file>rtsv7M4_T_le_v4SPD16_eabi.lib</file>
         <name>atoi.c.obj</name>
      </input_file>
      <input_file id="fl-db">
         <path>/Applications/ti/ccs910/ccs/tools/compiler/ti-cgt-arm_18.12.2.LTS/lib/</path>
         <kind>archive</kind>
         <file>rtsv7M4_T_le_v4SPD16_eabi.lib</file>
         <name>ctype.c.obj</name>
      </input_file>
      <input_file id="fl-dc">
         <path>/Applications/ti/ccs910/ccs/tools/compiler/ti-cgt-arm_18.12.2.LTS/lib/</path>
         <kind>archive</kind>
         <file>rtsv7M4_T_le_v4SPD16_eabi.lib</file>
         <name>defs.c.obj</name>
      </input_file>
      <input_file id="fl-dd">
         <path>/Applications/ti/ccs910/ccs/tools/compiler/ti-cgt-arm_18.12.2.LTS/lib/</path>
         <kind>archive</kind>
         <file>rtsv7M4_T_le_v4SPD16_eabi.lib</file>
         <name>ltoa.c.obj</name>
      </input_file>
      <input_file id="fl-de">
         <path>/Applications/ti/ccs910/ccs/tools/compiler/ti-cgt-arm_18.12.2.LTS/lib/</path>
         <kind>archive</kind>
         <file>rtsv7M4_T_le_v4SPD16_eabi.lib</file>
         <name>memccpy.c.obj</name>
      </input_file>
      <input_file id="fl-df">
         <path>/Applications/ti/ccs910/ccs/tools/compiler/ti-cgt-arm_18.12.2.LTS/lib/</path>
         <kind>archive</kind>
         <file>rtsv7M4_T_le_v4SPD16_eabi.lib</file>
         <name>memchr.c.obj</name>
      </input_file>
      <input_file id="fl-e0">
         <path>/Applications/ti/ccs910/ccs/tools/compiler/ti-cgt-arm_18.12.2.LTS/lib/</path>
         <kind>archive</kind>
         <file>rtsv7M4_T_le_v4SPD16_eabi.lib</file>
         <name>memory.c.obj</name>
      </input_file>
      <input_file id="fl-e1">
         <path>/Applications/ti/ccs910/ccs/tools/compiler/ti-cgt-arm_18.12.2.LTS/lib/</path>
         <kind>archive</kind>
         <file>rtsv7M4_T_le_v4SPD16_eabi.lib</file>
         <name>strchr.c.obj</name>
      </input_file>
      <input_file id="fl-e2">
         <path>/Applications/ti/ccs910/ccs/tools/compiler/ti-cgt-arm_18.12.2.LTS/lib/</path>
         <kind>archive</kind>
         <file>rtsv7M4_T_le_v4SPD16_eabi.lib</file>
         <name>strlen.c.obj</name>
      </input_file>
      <input_file id="fl-e3">
         <path>/Applications/ti/ccs910/ccs/tools/compiler/ti-cgt-arm_18.12.2.LTS/lib/</path>
         <kind>archive</kind>
         <file>rtsv7M4_T_le_v4SPD16_eabi.lib</file>
         <name>strstr.c.obj</name>
      </input_file>
      <input_file id="fl-e4">
         <path>/Applications/ti/ccs910/ccs/tools/compiler/ti-cgt-arm_18.12.2.LTS/lib/</path>
         <kind>archive</kind>
         <file>rtsv7M4_T_le_v4SPD16_eabi.lib</file>
         <name>write.c.obj</name>
      </input_file>
      <input_file id="fl-e5">
         <path>/Applications/ti/ccs910/ccs/tools/compiler/ti-cgt-arm_18.12.2.LTS/lib/</path>
         <kind>archive</kind>
         <file>rtsv7M4_T_le_v4SPD16_eabi.lib</file>
         <name>host_device.c.obj</name>
      </input_file>
      <input_file id="fl-e6">
         <path>/Applications/ti/ccs910/ccs/tools/compiler/ti-cgt-arm_18.12.2.LTS/lib/</path>
         <kind>archive</kind>
         <file>rtsv7M4_T_le_v4SPD16_eabi.lib</file>
         <name>boot_cortex_m.c.obj</name>
      </input_file>
      <input_file id="fl-e7">
         <path>/Applications/ti/ccs910/ccs/tools/compiler/ti-cgt-arm_18.12.2.LTS/lib/</path>
         <kind>archive</kind>
         <file>rtsv7M4_T_le_v4SPD16_eabi.lib</file>
         <name>errno.c.obj</name>
      </input_file>
      <input_file id="fl-e8">
         <path>/Applications/ti/ccs910/ccs/tools/compiler/ti-cgt-arm_18.12.2.LTS/lib/</path>
         <kind>archive</kind>
         <file>rtsv7M4_T_le_v4SPD16_eabi.lib</file>
         <name>wcslen.c.obj</name>
      </input_file>
      <input_file id="fl-e9">
         <path>/Applications/ti/ccs910/ccs/tools/compiler/ti-cgt-arm_18.12.2.LTS/lib/</path>
         <kind>archive</kind>
         <file>rtsv7M4_T_le_v4SPD16_eabi.lib</file>
         <name>s_copysign.c.obj</name>
      </input_file>
      <input_file id="fl-ea">
         <path>/Applications/ti/ccs910/ccs/tools/compiler/ti-cgt-arm_18.12.2.LTS/lib/</path>
         <kind>archive</kind>
         <file>rtsv7M4_T_le_v4SPD16_eabi.lib</file>
         <name>fflush.c.obj</name>
      </input_file>
      <input_file id="fl-eb">
         <path>/Applications/ti/ccs910/ccs/tools/compiler/ti-cgt-arm_18.12.2.LTS/lib/</path>
         <kind>archive</kind>
         <file>rtsv7M4_T_le_v4SPD16_eabi.lib</file>
         <name>fopen.c.obj</name>
      </input_file>
      <input_file id="fl-ec">
         <path>/Applications/ti/ccs910/ccs/tools/compiler/ti-cgt-arm_18.12.2.LTS/lib/</path>
         <kind>archive</kind>
         <file>rtsv7M4_T_le_v4SPD16_eabi.lib</file>
         <name>fseek.c.obj</name>
      </input_file>
      <input_file id="fl-ed">
         <path>/Applications/ti/ccs910/ccs/tools/compiler/ti-cgt-arm_18.12.2.LTS/lib/</path>
         <kind>archive</kind>
         <file>rtsv7M4_T_le_v4SPD16_eabi.lib</file>
         <name>div0.asm.obj</name>
      </input_file>
      <input_file id="fl-ee">
         <path>/Applications/ti/ccs910/ccs/tools/compiler/ti-cgt-arm_18.12.2.LTS/lib/</path>
         <kind>archive</kind>
         <file>rtsv7M4_T_le_v4SPD16_eabi.lib</file>
         <name>autoinit.c.obj</name>
      </input_file>
      <input_file id="fl-ef">
         <path>/Applications/ti/ccs910/ccs/tools/compiler/ti-cgt-arm_18.12.2.LTS/lib/</path>
         <kind>archive</kind>
         <file>rtsv7M4_T_le_v4SPD16_eabi.lib</file>
         <name>pre_init.c.obj</name>
      </input_file>
      <input_file id="fl-f0">
         <path>/Applications/ti/ccs910/ccs/tools/compiler/ti-cgt-arm_18.12.2.LTS/lib/</path>
         <kind>archive</kind>
         <file>rtsv7M4_T_le_v4SPD16_eabi.lib</file>
         <name>cpy_tbl.c.obj</name>
      </input_file>
      <input_file id="fl-f1">
         <path>/Applications/ti/ccs910/ccs/tools/compiler/ti-cgt-arm_18.12.2.LTS/lib/</path>
         <kind>archive</kind>
         <file>rtsv7M4_T_le_v4SPD16_eabi.lib</file>
         <name>args_main.c.obj</name>
      </input_file>
      <input_file id="fl-f2">
         <path>/Applications/ti/ccs910/ccs/tools/compiler/ti-cgt-arm_18.12.2.LTS/lib/</path>
         <kind>archive</kind>
         <file>rtsv7M4_T_le_v4SPD16_eabi.lib</file>
         <name>hostclose.c.obj</name>
      </input_file>
      <input_file id="fl-f3">
         <path>/Applications/ti/ccs910/ccs/tools/compiler/ti-cgt-arm_18.12.2.LTS/lib/</path>
         <kind>archive</kind>
         <file>rtsv7M4_T_le_v4SPD16_eabi.lib</file>
         <name>hostlseek.c.obj</name>
      </input_file>
      <input_file id="fl-f4">
         <path>/Applications/ti/ccs910/ccs/tools/compiler/ti-cgt-arm_18.12.2.LTS/lib/</path>
         <kind>archive</kind>
         <file>rtsv7M4_T_le_v4SPD16_eabi.lib</file>
         <name>hostopen.c.obj</name>
      </input_file>
      <input_file id="fl-f5">
         <path>/Applications/ti/ccs910/ccs/tools/compiler/ti-cgt-arm_18.12.2.LTS/lib/</path>
         <kind>archive</kind>
         <file>rtsv7M4_T_le_v4SPD16_eabi.lib</file>
         <name>hostread.c.obj</name>
      </input_file>
      <input_file id="fl-f6">
         <path>/Applications/ti/ccs910/ccs/tools/compiler/ti-cgt-arm_18.12.2.LTS/lib/</path>
         <kind>archive</kind>
         <file>rtsv7M4_T_le_v4SPD16_eabi.lib</file>
         <name>hostrename.c.obj</name>
      </input_file>
      <input_file id="fl-f7">
         <path>/Applications/ti/ccs910/ccs/tools/compiler/ti-cgt-arm_18.12.2.LTS/lib/</path>
         <kind>archive</kind>
         <file>rtsv7M4_T_le_v4SPD16_eabi.lib</file>
         <name>hostunlink.c.obj</name>
      </input_file>
      <input_file id="fl-f8">
         <path>/Applications/ti/ccs910/ccs/tools/compiler/ti-cgt-arm_18.12.2.LTS/lib/</path>
         <kind>archive</kind>
         <file>rtsv7M4_T_le_v4SPD16_eabi.lib</file>
         <name>hostwrite.c.obj</name>
      </input_file>
      <input_file id="fl-f9">
         <path>/Applications/ti/ccs910/ccs/tools/compiler/ti-cgt-arm_18.12.2.LTS/lib/</path>
         <kind>archive</kind>
         <file>rtsv7M4_T_le_v4SPD16_eabi.lib</file>
         <name>trgmsg.c.obj</name>
      </input_file>
      <input_file id="fl-fa">
         <path>/Applications/ti/ccs910/ccs/tools/compiler/ti-cgt-arm_18.12.2.LTS/lib/</path>
         <kind>archive</kind>
         <file>rtsv7M4_T_le_v4SPD16_eabi.lib</file>
         <name>open.c.obj</name>
      </input_file>
      <input_file id="fl-fb">
         <path>/Applications/ti/ccs910/ccs/tools/compiler/ti-cgt-arm_18.12.2.LTS/lib/</path>
         <kind>archive</kind>
         <file>rtsv7M4_T_le_v4SPD16_eabi.lib</file>
         <name>lseek.c.obj</name>
      </input_file>
      <input_file id="fl-fc">
         <path>/Applications/ti/ccs910/ccs/tools/compiler/ti-cgt-arm_18.12.2.LTS/lib/</path>
         <kind>archive</kind>
         <file>rtsv7M4_T_le_v4SPD16_eabi.lib</file>
         <name>fclose.c.obj</name>
      </input_file>
      <input_file id="fl-fd">
         <path>/Applications/ti/ccs910/ccs/tools/compiler/ti-cgt-arm_18.12.2.LTS/lib/</path>
         <kind>archive</kind>
         <file>rtsv7M4_T_le_v4SPD16_eabi.lib</file>
         <name>getdevice.c.obj</name>
      </input_file>
      <input_file id="fl-fe">
         <path>/Applications/ti/ccs910/ccs/tools/compiler/ti-cgt-arm_18.12.2.LTS/lib/</path>
         <kind>archive</kind>
         <file>rtsv7M4_T_le_v4SPD16_eabi.lib</file>
         <name>strcmp.c.obj</name>
      </input_file>
      <input_file id="fl-ff">
         <path>/Applications/ti/ccs910/ccs/tools/compiler/ti-cgt-arm_18.12.2.LTS/lib/</path>
         <kind>archive</kind>
         <file>rtsv7M4_T_le_v4SPD16_eabi.lib</file>
         <name>strcpy.c.obj</name>
      </input_file>
      <input_file id="fl-100">
         <path>/Applications/ti/ccs910/ccs/tools/compiler/ti-cgt-arm_18.12.2.LTS/lib/</path>
         <kind>archive</kind>
         <file>rtsv7M4_T_le_v4SPD16_eabi.lib</file>
         <name>strncpy.c.obj</name>
      </input_file>
      <input_file id="fl-101">
         <path>/Applications/ti/ccs910/ccs/tools/compiler/ti-cgt-arm_18.12.2.LTS/lib/</path>
         <kind>archive</kind>
         <file>rtsv7M4_T_le_v4SPD16_eabi.lib</file>
         <name>remove.c.obj</name>
      </input_file>
      <input_file id="fl-102">
         <path>/Applications/ti/ccs910/ccs/tools/compiler/ti-cgt-arm_18.12.2.LTS/lib/</path>
         <kind>archive</kind>
         <file>rtsv7M4_T_le_v4SPD16_eabi.lib</file>
         <name>close.c.obj</name>
      </input_file>
      <input_file id="fl-103">
         <path>/Applications/ti/ccs910/ccs/tools/compiler/ti-cgt-arm_18.12.2.LTS/lib/</path>
         <kind>archive</kind>
         <file>rtsv7M4_T_le_v4SPD16_eabi.lib</file>
         <name>unlink.c.obj</name>
      </input_file>
   </input_file_list>
   <object_component_list>
      <object_component id="oc-23">
         <name>.intvecs:retain</name>
         <load_address>0x0</load_address>
         <run_address>0x0</run_address>
         <size>0xe4</size>
         <input_file_ref idref="fl-4"/>
      </object_component>
      <object_component id="oc-160">
         <name>.text:__TI_printfi</name>
         <load_address>0xe4</load_address>
         <run_address>0xe4</run_address>
         <size>0xa4e</size>
         <input_file_ref idref="fl-c3"/>
      </object_component>
      <object_component id="oc-1ed">
         <name>.text:_nop</name>
         <load_address>0xb32</load_address>
         <run_address>0xb32</run_address>
         <size>0x2</size>
         <input_file_ref idref="fl-d9"/>
      </object_component>
      <object_component id="oc-fd">
         <name>.text</name>
         <load_address>0xb34</load_address>
         <run_address>0xb34</run_address>
         <size>0x460</size>
         <input_file_ref idref="fl-2"/>
      </object_component>
      <object_component id="oc-b5">
         <name>.text</name>
         <load_address>0xf94</load_address>
         <run_address>0xf94</run_address>
         <size>0x334</size>
         <input_file_ref idref="fl-5"/>
      </object_component>
      <object_component id="oc-1c9">
         <name>.text:_pconv_a</name>
         <load_address>0x12c8</load_address>
         <run_address>0x12c8</run_address>
         <size>0x270</size>
         <input_file_ref idref="fl-c3"/>
      </object_component>
      <object_component id="oc-6d">
         <name>.text</name>
         <load_address>0x1538</load_address>
         <run_address>0x1538</run_address>
         <size>0x220</size>
         <input_file_ref idref="fl-8"/>
      </object_component>
      <object_component id="oc-1b7">
         <name>.text:_pconv_g</name>
         <load_address>0x1758</load_address>
         <run_address>0x1758</run_address>
         <size>0x1d0</size>
         <input_file_ref idref="fl-c3"/>
      </object_component>
      <object_component id="oc-258">
         <name>.text</name>
         <load_address>0x1928</load_address>
         <run_address>0x1928</run_address>
         <size>0x1b6</size>
         <input_file_ref idref="fl-cc"/>
      </object_component>
      <object_component id="oc-2de">
         <name>.text</name>
         <load_address>0x1ade</load_address>
         <run_address>0x1ade</run_address>
         <size>0x2</size>
         <input_file_ref idref="fl-ed"/>
      </object_component>
      <object_component id="oc-1c3">
         <name>.text:_pconv_e</name>
         <load_address>0x1ae0</load_address>
         <run_address>0x1ae0</run_address>
         <size>0x13c</size>
         <input_file_ref idref="fl-c3"/>
      </object_component>
      <object_component id="oc-23e">
         <name>.text</name>
         <load_address>0x1c1c</load_address>
         <run_address>0x1c1c</run_address>
         <size>0x136</size>
         <input_file_ref idref="fl-ce"/>
      </object_component>
      <object_component id="oc-26a">
         <name>.text:fcvt</name>
         <load_address>0x1d54</load_address>
         <run_address>0x1d54</run_address>
         <size>0x124</size>
         <input_file_ref idref="fl-c3"/>
      </object_component>
      <object_component id="oc-1fb">
         <name>.text:fputs</name>
         <load_address>0x1e78</load_address>
         <run_address>0x1e78</run_address>
         <size>0x114</size>
         <input_file_ref idref="fl-c5"/>
      </object_component>
      <object_component id="oc-27e">
         <name>.text:scalbn</name>
         <load_address>0x1f8c</load_address>
         <run_address>0x1f8c</run_address>
         <size>0x110</size>
         <input_file_ref idref="fl-c9"/>
      </object_component>
      <object_component id="oc-73">
         <name>.text</name>
         <load_address>0x209c</load_address>
         <run_address>0x209c</run_address>
         <size>0x10c</size>
         <input_file_ref idref="fl-7"/>
      </object_component>
      <object_component id="oc-239">
         <name>.text</name>
         <load_address>0x21a8</load_address>
         <run_address>0x21a8</run_address>
         <size>0xfc</size>
         <input_file_ref idref="fl-cf"/>
      </object_component>
      <object_component id="oc-389">
         <name>.text:aligned_alloc</name>
         <load_address>0x22a4</load_address>
         <run_address>0x22a4</run_address>
         <size>0xf4</size>
         <input_file_ref idref="fl-e0"/>
      </object_component>
      <object_component id="oc-347">
         <name>.text:free</name>
         <load_address>0x2398</load_address>
         <run_address>0x2398</run_address>
         <size>0xe8</size>
         <input_file_ref idref="fl-e0"/>
      </object_component>
      <object_component id="oc-319">
         <name>.text:setvbuf</name>
         <load_address>0x2480</load_address>
         <run_address>0x2480</run_address>
         <size>0xdc</size>
         <input_file_ref idref="fl-c7"/>
      </object_component>
      <object_component id="oc-1ac">
         <name>.text:_ltostr</name>
         <load_address>0x255c</load_address>
         <run_address>0x255c</run_address>
         <size>0xb1</size>
         <input_file_ref idref="fl-c3"/>
      </object_component>
      <object_component id="oc-37">
         <name>.text</name>
         <load_address>0x260e</load_address>
         <run_address>0x260e</run_address>
         <size>0x9c</size>
         <input_file_ref idref="fl-d4"/>
      </object_component>
      <object_component id="oc-232">
         <name>.text</name>
         <load_address>0x26aa</load_address>
         <run_address>0x26aa</run_address>
         <size>0x96</size>
         <input_file_ref idref="fl-ca"/>
      </object_component>
      <object_component id="oc-202">
         <name>.text:fputc</name>
         <load_address>0x2740</load_address>
         <run_address>0x2740</run_address>
         <size>0x8c</size>
         <input_file_ref idref="fl-c4"/>
      </object_component>
      <object_component id="oc-1b2">
         <name>.text:__aeabi_cdcmple</name>
         <load_address>0x27cc</load_address>
         <run_address>0x27cc</run_address>
         <size>0x86</size>
         <input_file_ref idref="fl-cd"/>
      </object_component>
      <object_component id="oc-243">
         <name>.text:__aeabi_cdrcmple</name>
         <load_address>0x2852</load_address>
         <run_address>0x2852</run_address>
         <size>0x86</size>
         <input_file_ref idref="fl-cd"/>
      </object_component>
      <object_component id="oc-3d1">
         <name>.text:split</name>
         <load_address>0x28d8</load_address>
         <run_address>0x28d8</run_address>
         <size>0x7c</size>
         <input_file_ref idref="fl-e0"/>
      </object_component>
      <object_component id="oc-97">
         <name>.text</name>
         <load_address>0x2954</load_address>
         <run_address>0x2954</run_address>
         <size>0x7a</size>
         <input_file_ref idref="fl-cb"/>
      </object_component>
      <object_component id="oc-390">
         <name>.text:__TI_closefile</name>
         <load_address>0x29d0</load_address>
         <run_address>0x29d0</run_address>
         <size>0x74</size>
         <input_file_ref idref="fl-fc"/>
      </object_component>
      <object_component id="oc-263">
         <name>.text:_mcpy</name>
         <load_address>0x2a44</load_address>
         <run_address>0x2a44</run_address>
         <size>0x6e</size>
         <input_file_ref idref="fl-c3"/>
      </object_component>
      <object_component id="oc-3b4">
         <name>.text:HOSTlseek</name>
         <load_address>0x2ab4</load_address>
         <run_address>0x2ab4</run_address>
         <size>0x68</size>
         <input_file_ref idref="fl-f3"/>
      </object_component>
      <object_component id="oc-3c0">
         <name>.text:HOSTrename</name>
         <load_address>0x2b1c</load_address>
         <run_address>0x2b1c</run_address>
         <size>0x68</size>
         <input_file_ref idref="fl-f6"/>
      </object_component>
      <object_component id="oc-14">
         <name>.text:decompress:lzss:__TI_decompress_lzss</name>
         <load_address>0x2b84</load_address>
         <run_address>0x2b84</run_address>
         <size>0x68</size>
         <input_file_ref idref="fl-d7"/>
      </object_component>
      <object_component id="oc-cf">
         <name>.text:printf</name>
         <load_address>0x2bec</load_address>
         <run_address>0x2bec</run_address>
         <size>0x68</size>
         <input_file_ref idref="fl-c2"/>
      </object_component>
      <object_component id="oc-278">
         <name>.text:frexp</name>
         <load_address>0x2c54</load_address>
         <run_address>0x2c54</run_address>
         <size>0x64</size>
         <input_file_ref idref="fl-c8"/>
      </object_component>
      <object_component id="oc-313">
         <name>.text:fseek</name>
         <load_address>0x2cb8</load_address>
         <run_address>0x2cb8</run_address>
         <size>0x64</size>
         <input_file_ref idref="fl-ec"/>
      </object_component>
      <object_component id="oc-2af">
         <name>.text:__TI_wrt_ok</name>
         <load_address>0x2d1c</load_address>
         <run_address>0x2d1c</run_address>
         <size>0x62</size>
         <input_file_ref idref="fl-c6"/>
      </object_component>
      <object_component id="oc-39c">
         <name>.text:HOSTopen</name>
         <load_address>0x2d80</load_address>
         <run_address>0x2d80</run_address>
         <size>0x60</size>
         <input_file_ref idref="fl-f4"/>
      </object_component>
      <object_component id="oc-3d8">
         <name>.text:close</name>
         <load_address>0x2de0</load_address>
         <run_address>0x2de0</run_address>
         <size>0x5c</size>
         <input_file_ref idref="fl-102"/>
      </object_component>
      <object_component id="oc-3a8">
         <name>.text:HOSTread</name>
         <load_address>0x2e3c</load_address>
         <run_address>0x2e3c</run_address>
         <size>0x58</size>
         <input_file_ref idref="fl-f5"/>
      </object_component>
      <object_component id="oc-3ae">
         <name>.text:HOSTwrite</name>
         <load_address>0x2e94</load_address>
         <run_address>0x2e94</run_address>
         <size>0x58</size>
         <input_file_ref idref="fl-f8"/>
      </object_component>
      <object_component id="oc-1bd">
         <name>.text:_pconv_f</name>
         <load_address>0x2eec</load_address>
         <run_address>0x2eec</run_address>
         <size>0x56</size>
         <input_file_ref idref="fl-c3"/>
      </object_component>
      <object_component id="oc-24d">
         <name>.text:ltoa</name>
         <load_address>0x2f42</load_address>
         <run_address>0x2f42</run_address>
         <size>0x54</size>
         <input_file_ref idref="fl-dd"/>
      </object_component>
      <object_component id="oc-a3">
         <name>.text</name>
         <load_address>0x2f98</load_address>
         <run_address>0x2f98</run_address>
         <size>0x54</size>
         <input_file_ref idref="fl-3"/>
      </object_component>
      <object_component id="oc-25d">
         <name>.text:_ecpy</name>
         <load_address>0x2fec</load_address>
         <run_address>0x2fec</run_address>
         <size>0x52</size>
         <input_file_ref idref="fl-c3"/>
      </object_component>
      <object_component id="oc-2bb">
         <name>.text:__TI_doflush</name>
         <load_address>0x303e</load_address>
         <run_address>0x303e</run_address>
         <size>0x4c</size>
         <input_file_ref idref="fl-ea"/>
      </object_component>
      <object_component id="oc-1a6">
         <name>.text:atoi</name>
         <load_address>0x308c</load_address>
         <run_address>0x308c</run_address>
         <size>0x4c</size>
         <input_file_ref idref="fl-da"/>
      </object_component>
      <object_component id="oc-10a">
         <name>.text:exit</name>
         <load_address>0x30d8</load_address>
         <run_address>0x30d8</run_address>
         <size>0x48</size>
         <input_file_ref idref="fl-d8"/>
      </object_component>
      <object_component id="oc-248">
         <name>.text</name>
         <load_address>0x3120</load_address>
         <run_address>0x3120</run_address>
         <size>0x48</size>
         <input_file_ref idref="fl-d0"/>
      </object_component>
      <object_component id="oc-3a2">
         <name>.text:HOSTclose</name>
         <load_address>0x3168</load_address>
         <run_address>0x3168</run_address>
         <size>0x44</size>
         <input_file_ref idref="fl-f2"/>
      </object_component>
      <object_component id="oc-3ba">
         <name>.text:HOSTunlink</name>
         <load_address>0x31ac</load_address>
         <run_address>0x31ac</run_address>
         <size>0x44</size>
         <input_file_ref idref="fl-f7"/>
      </object_component>
      <object_component id="oc-110">
         <name>.text:__TI_auto_init_nobinit_nopinit:__TI_auto_init_nobinit_nopinit</name>
         <load_address>0x31f0</load_address>
         <run_address>0x31f0</run_address>
         <size>0x44</size>
         <input_file_ref idref="fl-ee"/>
      </object_component>
      <object_component id="oc-410">
         <name>.text:getdevice</name>
         <load_address>0x3234</load_address>
         <run_address>0x3234</run_address>
         <size>0x44</size>
         <input_file_ref idref="fl-fd"/>
      </object_component>
      <object_component id="oc-270">
         <name>.text:_fcpy</name>
         <load_address>0x3278</load_address>
         <run_address>0x3278</run_address>
         <size>0x3e</size>
         <input_file_ref idref="fl-c3"/>
      </object_component>
      <object_component id="oc-3e9">
         <name>.text:__TI_writemsg</name>
         <load_address>0x32b8</load_address>
         <run_address>0x32b8</run_address>
         <size>0x38</size>
         <input_file_ref idref="fl-f9"/>
      </object_component>
      <object_component id="oc-432">
         <name>.text:strncpy</name>
         <load_address>0x32f0</load_address>
         <run_address>0x32f0</run_address>
         <size>0x36</size>
         <input_file_ref idref="fl-100"/>
      </object_component>
      <object_component id="oc-353">
         <name>.text:__TI_cleanup</name>
         <load_address>0x3328</load_address>
         <run_address>0x3328</run_address>
         <size>0x34</size>
         <input_file_ref idref="fl-eb"/>
      </object_component>
      <object_component id="oc-3ef">
         <name>.text:__TI_readmsg</name>
         <load_address>0x335c</load_address>
         <run_address>0x335c</run_address>
         <size>0x34</size>
         <input_file_ref idref="fl-f9"/>
      </object_component>
      <object_component id="oc-55">
         <name>.text:_c_int00_noargs:_c_int00_noargs</name>
         <load_address>0x3390</load_address>
         <run_address>0x3390</run_address>
         <size>0x34</size>
         <input_file_ref idref="fl-e6"/>
      </object_component>
      <object_component id="oc-bc">
         <name>.text:strstr</name>
         <load_address>0x33c4</load_address>
         <run_address>0x33c4</run_address>
         <size>0x34</size>
         <input_file_ref idref="fl-e3"/>
      </object_component>
      <object_component id="oc-438">
         <name>.text:finddevice</name>
         <load_address>0x33f8</load_address>
         <run_address>0x33f8</run_address>
         <size>0x30</size>
         <input_file_ref idref="fl-fd"/>
      </object_component>
      <object_component id="oc-253">
         <name>.text</name>
         <load_address>0x3428</load_address>
         <run_address>0x3428</run_address>
         <size>0x2e</size>
         <input_file_ref idref="fl-d3"/>
      </object_component>
      <object_component id="oc-3de">
         <name>.text:unlink</name>
         <load_address>0x3458</load_address>
         <run_address>0x3458</run_address>
         <size>0x2c</size>
         <input_file_ref idref="fl-103"/>
      </object_component>
      <object_component id="oc-382">
         <name>.text:free_list_insert</name>
         <load_address>0x3484</load_address>
         <run_address>0x3484</run_address>
         <size>0x28</size>
         <input_file_ref idref="fl-e0"/>
      </object_component>
      <object_component id="oc-33f">
         <name>.text:lseek</name>
         <load_address>0x34ac</load_address>
         <run_address>0x34ac</run_address>
         <size>0x28</size>
         <input_file_ref idref="fl-fb"/>
      </object_component>
      <object_component id="oc-2c1">
         <name>.text:write</name>
         <load_address>0x34d4</load_address>
         <run_address>0x34d4</run_address>
         <size>0x28</size>
         <input_file_ref idref="fl-e4"/>
      </object_component>
      <object_component id="oc-2b5">
         <name>.text:memchr</name>
         <load_address>0x34fc</load_address>
         <run_address>0x34fc</run_address>
         <size>0x20</size>
         <input_file_ref idref="fl-df"/>
      </object_component>
      <object_component id="oc-37c">
         <name>.text:free_list_remove</name>
         <load_address>0x351c</load_address>
         <run_address>0x351c</run_address>
         <size>0x1c</size>
         <input_file_ref idref="fl-e0"/>
      </object_component>
      <object_component id="oc-1cf">
         <name>.text:memccpy</name>
         <load_address>0x3538</load_address>
         <run_address>0x3538</run_address>
         <size>0x1c</size>
         <input_file_ref idref="fl-de"/>
      </object_component>
      <object_component id="oc-2f7">
         <name>.text:copysign</name>
         <load_address>0x3554</load_address>
         <run_address>0x3554</run_address>
         <size>0x1a</size>
         <input_file_ref idref="fl-e9"/>
      </object_component>
      <object_component id="oc-44f">
         <name>.text:strcmp</name>
         <load_address>0x356e</load_address>
         <run_address>0x356e</run_address>
         <size>0x18</size>
         <input_file_ref idref="fl-fe"/>
      </object_component>
      <object_component id="oc-284">
         <name>.text:strchr</name>
         <load_address>0x3586</load_address>
         <run_address>0x3586</run_address>
         <size>0x16</size>
         <input_file_ref idref="fl-e1"/>
      </object_component>
      <object_component id="oc-403">
         <name>.text:strcpy</name>
         <load_address>0x359c</load_address>
         <run_address>0x359c</run_address>
         <size>0x14</size>
         <input_file_ref idref="fl-ff"/>
      </object_component>
      <object_component id="oc-1a0">
         <name>.text:strlen</name>
         <load_address>0x35b0</load_address>
         <run_address>0x35b0</run_address>
         <size>0x14</size>
         <input_file_ref idref="fl-e2"/>
      </object_component>
      <object_component id="oc-1d5">
         <name>.text:wcslen</name>
         <load_address>0x35c4</load_address>
         <run_address>0x35c4</run_address>
         <size>0x12</size>
         <input_file_ref idref="fl-e8"/>
      </object_component>
      <object_component id="oc-1a">
         <name>.text:decompress:none:__TI_decompress_none</name>
         <load_address>0x35d6</load_address>
         <run_address>0x35d6</run_address>
         <size>0xe</size>
         <input_file_ref idref="fl-d6"/>
      </object_component>
      <object_component id="oc-67">
         <name>.text</name>
         <load_address>0x35e4</load_address>
         <run_address>0x35e4</run_address>
         <size>0xe</size>
         <input_file_ref idref="fl-4"/>
      </object_component>
      <object_component id="oc-49">
         <name>.text:decompress:ZI:__TI_zero_init</name>
         <load_address>0x35f2</load_address>
         <run_address>0x35f2</run_address>
         <size>0xc</size>
         <input_file_ref idref="fl-d5"/>
      </object_component>
      <object_component id="oc-1db">
         <name>.text:__aeabi_errno_addr</name>
         <load_address>0x3600</load_address>
         <run_address>0x3600</run_address>
         <size>0x8</size>
         <input_file_ref idref="fl-e7"/>
      </object_component>
      <object_component id="oc-34d">
         <name>.text:malloc</name>
         <load_address>0x3608</load_address>
         <run_address>0x3608</run_address>
         <size>0x8</size>
         <input_file_ref idref="fl-e0"/>
      </object_component>
      <object_component id="oc-172">
         <name>.text:_outc</name>
         <load_address>0x3610</load_address>
         <run_address>0x3610</run_address>
         <size>0x4</size>
         <input_file_ref idref="fl-c2"/>
      </object_component>
      <object_component id="oc-16c">
         <name>.text:_outs</name>
         <load_address>0x3614</load_address>
         <run_address>0x3614</run_address>
         <size>0x4</size>
         <input_file_ref idref="fl-c2"/>
      </object_component>
      <object_component id="oc-9d">
         <name>.text:_system_pre_init</name>
         <load_address>0x3618</load_address>
         <run_address>0x3618</run_address>
         <size>0x4</size>
         <input_file_ref idref="fl-ef"/>
      </object_component>
      <object_component id="oc-104">
         <name>.text:abort:abort</name>
         <load_address>0x361c</load_address>
         <run_address>0x361c</run_address>
         <size>0x4</size>
         <input_file_ref idref="fl-d8"/>
      </object_component>
      <object_component id="oc-22d">
         <name>.const:.string:_ctypes_</name>
         <load_address>0x3620</load_address>
         <run_address>0x3620</run_address>
         <size>0x101</size>
         <input_file_ref idref="fl-db"/>
      </object_component>
      <object_component id="oc-48d">
         <name>.cinit..data.load</name>
         <load_address>0x3728</load_address>
         <run_address>0x3728</run_address>
         <size>0x6e</size>
      </object_component>
      <object_component id="oc-48b">
         <name>__TI_handler_table</name>
         <load_address>0x3798</load_address>
         <run_address>0x3798</run_address>
         <size>0xc</size>
      </object_component>
      <object_component id="oc-48e">
         <name>.cinit..bss.load</name>
         <load_address>0x37a8</load_address>
         <run_address>0x37a8</run_address>
         <size>0x8</size>
      </object_component>
      <object_component id="oc-48c">
         <name>__TI_cinit_table</name>
         <load_address>0x37b0</load_address>
         <run_address>0x37b0</run_address>
         <size>0x10</size>
      </object_component>
      <object_component id="oc-460">
         <name>.binit</name>
         <load_address>0x0</load_address>
         <run_address>0x0</run_address>
         <size>0x0</size>
      </object_component>
      <object_component id="oc-142">
         <name>.data</name>
         <load_address>0x200017c0</load_address>
         <run_address>0x200017c0</run_address>
         <size>0x4</size>
         <input_file_ref idref="fl-5"/>
      </object_component>
      <object_component id="oc-c2">
         <name>.data</name>
         <load_address>0x200017b4</load_address>
         <run_address>0x200017b4</run_address>
         <size>0x8</size>
         <input_file_ref idref="fl-8"/>
      </object_component>
      <object_component id="oc-180">
         <name>.data:$O1$$</name>
         <load_address>0x20001798</load_address>
         <run_address>0x20001798</run_address>
         <size>0xc</size>
         <input_file_ref idref="fl-d8"/>
      </object_component>
      <object_component id="oc-166">
         <name>.data:$O1$$</name>
         <load_address>0x200017a4</load_address>
         <run_address>0x200017a4</run_address>
         <size>0x8</size>
         <input_file_ref idref="fl-d9"/>
      </object_component>
      <object_component id="oc-169">
         <name>.data:_ftable</name>
         <load_address>0x200015d0</load_address>
         <run_address>0x200015d0</run_address>
         <size>0xf0</size>
         <input_file_ref idref="fl-dc"/>
      </object_component>
      <object_component id="oc-396">
         <name>.data</name>
         <load_address>0x20001788</load_address>
         <run_address>0x20001788</run_address>
         <size>0x10</size>
         <input_file_ref idref="fl-dc"/>
      </object_component>
      <object_component id="oc-3cc">
         <name>.data:$O1$$</name>
         <load_address>0x200017ac</load_address>
         <run_address>0x200017ac</run_address>
         <size>0x8</size>
         <input_file_ref idref="fl-e0"/>
      </object_component>
      <object_component id="oc-366">
         <name>.data:_device</name>
         <load_address>0x200016c0</load_address>
         <run_address>0x200016c0</run_address>
         <size>0x78</size>
         <input_file_ref idref="fl-e5"/>
      </object_component>
      <object_component id="oc-325">
         <name>.data:_stream</name>
         <load_address>0x20001738</load_address>
         <run_address>0x20001738</run_address>
         <size>0x50</size>
         <input_file_ref idref="fl-e5"/>
      </object_component>
      <object_component id="oc-294">
         <name>.data</name>
         <load_address>0x200017bc</load_address>
         <run_address>0x200017bc</run_address>
         <size>0x4</size>
         <input_file_ref idref="fl-e7"/>
      </object_component>
      <object_component id="oc-41a">
         <name>.bss:_CIOBUF_</name>
         <uninitialized>true</uninitialized>
         <run_address>0x20001000</run_address>
         <size>0x120</size>
         <input_file_ref idref="fl-f9"/>
      </object_component>
      <object_component id="oc-d8">
         <name>.common:distance</name>
         <uninitialized>true</uninitialized>
         <run_address>0x200011c8</run_address>
         <size>0x4</size>
      </object_component>
      <object_component id="oc-d5">
         <name>.common:sensor</name>
         <uninitialized>true</uninitialized>
         <run_address>0x200011cc</run_address>
         <size>0x4</size>
      </object_component>
      <object_component id="oc-c8">
         <name>.common:rxBuffer</name>
         <uninitialized>true</uninitialized>
         <run_address>0x20000800</run_address>
         <size>0x800</size>
      </object_component>
      <object_component id="oc-c5">
         <name>.common:replyBuffer</name>
         <uninitialized>true</uninitialized>
         <run_address>0x20000000</run_address>
         <size>0x800</size>
      </object_component>
      <object_component id="oc-3e4">
         <name>.common:__TI_tmpnams</name>
         <uninitialized>true</uninitialized>
         <run_address>0x20001120</run_address>
         <size>0xa0</size>
      </object_component>
      <object_component id="oc-3f5">
         <name>.common:parmbuf</name>
         <uninitialized>true</uninitialized>
         <run_address>0x200011c0</run_address>
         <size>0x8</size>
      </object_component>
      <object_component id="oc-26">
         <name>.sysmem</name>
         <uninitialized>true</uninitialized>
         <run_address>0x200011d0</run_address>
         <size>0x10</size>
         <input_file_ref idref="fl-e0"/>
      </object_component>
      <object_component id="oc-490">
         <name>.sysmem</name>
         <uninitialized>true</uninitialized>
         <run_address>0x200011d0</run_address>
         <size>0x0</size>
      </object_component>
      <object_component id="oc-29">
         <name>.stack</name>
         <uninitialized>true</uninitialized>
         <run_address>0x2000fe00</run_address>
         <size>0x4</size>
         <input_file_ref idref="fl-e6"/>
      </object_component>
      <object_component id="oc-48f">
         <name>.stack</name>
         <uninitialized>true</uninitialized>
         <run_address>0x2000fe00</run_address>
         <size>0x0</size>
      </object_component>
      <object_component id="oc-17c">
         <name>.debug_info</name>
         <load_address>0x0</load_address>
         <run_address>0x0</run_address>
         <size>0x542</size>
         <input_file_ref idref="fl-1"/>
      </object_component>
      <object_component id="oc-151">
         <name>.debug_info</name>
         <load_address>0x542</load_address>
         <run_address>0x542</run_address>
         <size>0x37e2</size>
         <input_file_ref idref="fl-1"/>
      </object_component>
      <object_component id="oc-dc">
         <name>.debug_info</name>
         <load_address>0x3d24</load_address>
         <run_address>0x3d24</run_address>
         <size>0x26b</size>
         <input_file_ref idref="fl-1"/>
      </object_component>
      <object_component id="oc-156">
         <name>.debug_info</name>
         <load_address>0x3f8f</load_address>
         <run_address>0x3f8f</run_address>
         <size>0x1055</size>
         <input_file_ref idref="fl-1"/>
      </object_component>
      <object_component id="oc-32">
         <name>.debug_info</name>
         <load_address>0x4fe4</load_address>
         <run_address>0x4fe4</run_address>
         <size>0x84</size>
         <input_file_ref idref="fl-1"/>
      </object_component>
      <object_component id="oc-15b">
         <name>.debug_info</name>
         <load_address>0x5068</load_address>
         <run_address>0x5068</run_address>
         <size>0x297</size>
         <input_file_ref idref="fl-1"/>
      </object_component>
      <object_component id="oc-146">
         <name>.debug_info</name>
         <load_address>0x52ff</load_address>
         <run_address>0x52ff</run_address>
         <size>0xbb</size>
         <input_file_ref idref="fl-1"/>
      </object_component>
      <object_component id="oc-ca">
         <name>.debug_info</name>
         <load_address>0x53ba</load_address>
         <run_address>0x53ba</run_address>
         <size>0x2c</size>
         <input_file_ref idref="fl-1"/>
      </object_component>
      <object_component id="oc-17e">
         <name>.debug_info</name>
         <load_address>0x53e6</load_address>
         <run_address>0x53e6</run_address>
         <size>0x546</size>
         <input_file_ref idref="fl-2"/>
      </object_component>
      <object_component id="oc-fe">
         <name>.debug_info</name>
         <load_address>0x592c</load_address>
         <run_address>0x592c</run_address>
         <size>0x559</size>
         <input_file_ref idref="fl-2"/>
      </object_component>
      <object_component id="oc-a4">
         <name>.debug_info</name>
         <load_address>0x5e85</load_address>
         <run_address>0x5e85</run_address>
         <size>0x150</size>
         <input_file_ref idref="fl-3"/>
      </object_component>
      <object_component id="oc-7b">
         <name>.debug_info</name>
         <load_address>0x5fd5</load_address>
         <run_address>0x5fd5</run_address>
         <size>0x2da</size>
         <input_file_ref idref="fl-4"/>
      </object_component>
      <object_component id="oc-24">
         <name>.debug_info</name>
         <load_address>0x62af</load_address>
         <run_address>0x62af</run_address>
         <size>0x106</size>
         <input_file_ref idref="fl-4"/>
      </object_component>
      <object_component id="oc-68">
         <name>.debug_info</name>
         <load_address>0x63b5</load_address>
         <run_address>0x63b5</run_address>
         <size>0x1cd</size>
         <input_file_ref idref="fl-4"/>
      </object_component>
      <object_component id="oc-143">
         <name>.debug_info</name>
         <load_address>0x6582</load_address>
         <run_address>0x6582</run_address>
         <size>0xff</size>
         <input_file_ref idref="fl-5"/>
      </object_component>
      <object_component id="oc-b6">
         <name>.debug_info</name>
         <load_address>0x6681</load_address>
         <run_address>0x6681</run_address>
         <size>0x271</size>
         <input_file_ref idref="fl-5"/>
      </object_component>
      <object_component id="oc-d6">
         <name>.debug_info</name>
         <load_address>0x68f2</load_address>
         <run_address>0x68f2</run_address>
         <size>0x5d6</size>
         <input_file_ref idref="fl-7"/>
      </object_component>
      <object_component id="oc-74">
         <name>.debug_info</name>
         <load_address>0x6ec8</load_address>
         <run_address>0x6ec8</run_address>
         <size>0x202</size>
         <input_file_ref idref="fl-7"/>
      </object_component>
      <object_component id="oc-c6">
         <name>.debug_info</name>
         <load_address>0x70ca</load_address>
         <run_address>0x70ca</run_address>
         <size>0x5f3</size>
         <input_file_ref idref="fl-8"/>
      </object_component>
      <object_component id="oc-c3">
         <name>.debug_info</name>
         <load_address>0x76bd</load_address>
         <run_address>0x76bd</run_address>
         <size>0x112</size>
         <input_file_ref idref="fl-8"/>
      </object_component>
      <object_component id="oc-6e">
         <name>.debug_info</name>
         <load_address>0x77cf</load_address>
         <run_address>0x77cf</run_address>
         <size>0x40f</size>
         <input_file_ref idref="fl-8"/>
      </object_component>
      <object_component id="oc-f4">
         <name>.debug_info</name>
         <load_address>0x7bde</load_address>
         <run_address>0x7bde</run_address>
         <size>0x2c</size>
         <input_file_ref idref="fl-8"/>
      </object_component>
      <object_component id="oc-179">
         <name>.debug_info</name>
         <load_address>0x7c0a</load_address>
         <run_address>0x7c0a</run_address>
         <size>0x3e6</size>
         <input_file_ref idref="fl-c2"/>
      </object_component>
      <object_component id="oc-173">
         <name>.debug_info</name>
         <load_address>0x7ff0</load_address>
         <run_address>0x7ff0</run_address>
         <size>0x158</size>
         <input_file_ref idref="fl-c2"/>
      </object_component>
      <object_component id="oc-16d">
         <name>.debug_info</name>
         <load_address>0x8148</load_address>
         <run_address>0x8148</run_address>
         <size>0x167</size>
         <input_file_ref idref="fl-c2"/>
      </object_component>
      <object_component id="oc-d0">
         <name>.debug_info</name>
         <load_address>0x82af</load_address>
         <run_address>0x82af</run_address>
         <size>0x1ad</size>
         <input_file_ref idref="fl-c2"/>
      </object_component>
      <object_component id="oc-20b">
         <name>.debug_info</name>
         <load_address>0x845c</load_address>
         <run_address>0x845c</run_address>
         <size>0xb2</size>
         <input_file_ref idref="fl-c2"/>
      </object_component>
      <object_component id="oc-1e2">
         <name>.debug_info</name>
         <load_address>0x850e</load_address>
         <run_address>0x850e</run_address>
         <size>0x57c</size>
         <input_file_ref idref="fl-c3"/>
      </object_component>
      <object_component id="oc-1ad">
         <name>.debug_info</name>
         <load_address>0x8a8a</load_address>
         <run_address>0x8a8a</run_address>
         <size>0x21f</size>
         <input_file_ref idref="fl-c3"/>
      </object_component>
      <object_component id="oc-25f">
         <name>.debug_info</name>
         <load_address>0x8ca9</load_address>
         <run_address>0x8ca9</run_address>
         <size>0x1b4</size>
         <input_file_ref idref="fl-c3"/>
      </object_component>
      <object_component id="oc-265">
         <name>.debug_info</name>
         <load_address>0x8e5d</load_address>
         <run_address>0x8e5d</run_address>
         <size>0x21c</size>
         <input_file_ref idref="fl-c3"/>
      </object_component>
      <object_component id="oc-1b9">
         <name>.debug_info</name>
         <load_address>0x9079</load_address>
         <run_address>0x9079</run_address>
         <size>0x3bc</size>
         <input_file_ref idref="fl-c3"/>
      </object_component>
      <object_component id="oc-26c">
         <name>.debug_info</name>
         <load_address>0x9435</load_address>
         <run_address>0x9435</run_address>
         <size>0x306</size>
         <input_file_ref idref="fl-c3"/>
      </object_component>
      <object_component id="oc-272">
         <name>.debug_info</name>
         <load_address>0x973b</load_address>
         <run_address>0x973b</run_address>
         <size>0x216</size>
         <input_file_ref idref="fl-c3"/>
      </object_component>
      <object_component id="oc-1bf">
         <name>.debug_info</name>
         <load_address>0x9951</load_address>
         <run_address>0x9951</run_address>
         <size>0x216</size>
         <input_file_ref idref="fl-c3"/>
      </object_component>
      <object_component id="oc-1c5">
         <name>.debug_info</name>
         <load_address>0x9b67</load_address>
         <run_address>0x9b67</run_address>
         <size>0x305</size>
         <input_file_ref idref="fl-c3"/>
      </object_component>
      <object_component id="oc-1cb">
         <name>.debug_info</name>
         <load_address>0x9e6c</load_address>
         <run_address>0x9e6c</run_address>
         <size>0x4b1</size>
         <input_file_ref idref="fl-c3"/>
      </object_component>
      <object_component id="oc-162">
         <name>.debug_info</name>
         <load_address>0xa31d</load_address>
         <run_address>0xa31d</run_address>
         <size>0x5f5</size>
         <input_file_ref idref="fl-c3"/>
      </object_component>
      <object_component id="oc-1e3">
         <name>.debug_info</name>
         <load_address>0xa912</load_address>
         <run_address>0xa912</run_address>
         <size>0x86</size>
         <input_file_ref idref="fl-c3"/>
      </object_component>
      <object_component id="oc-2a0">
         <name>.debug_info</name>
         <load_address>0xa998</load_address>
         <run_address>0xa998</run_address>
         <size>0x39</size>
         <input_file_ref idref="fl-c3"/>
      </object_component>
      <object_component id="oc-30e">
         <name>.debug_info</name>
         <load_address>0xa9d1</load_address>
         <run_address>0xa9d1</run_address>
         <size>0xb6</size>
         <input_file_ref idref="fl-c3"/>
      </object_component>
      <object_component id="oc-2a5">
         <name>.debug_info</name>
         <load_address>0xaa87</load_address>
         <run_address>0xaa87</run_address>
         <size>0x46</size>
         <input_file_ref idref="fl-c3"/>
      </object_component>
      <object_component id="oc-1e8">
         <name>.debug_info</name>
         <load_address>0xaacd</load_address>
         <run_address>0xaacd</run_address>
         <size>0x46</size>
         <input_file_ref idref="fl-c3"/>
      </object_component>
      <object_component id="oc-29b">
         <name>.debug_info</name>
         <load_address>0xab13</load_address>
         <run_address>0xab13</run_address>
         <size>0x2c</size>
         <input_file_ref idref="fl-c3"/>
      </object_component>
      <object_component id="oc-2ca">
         <name>.debug_info</name>
         <load_address>0xab3f</load_address>
         <run_address>0xab3f</run_address>
         <size>0x384</size>
         <input_file_ref idref="fl-c4"/>
      </object_component>
      <object_component id="oc-203">
         <name>.debug_info</name>
         <load_address>0xaec3</load_address>
         <run_address>0xaec3</run_address>
         <size>0x1eb</size>
         <input_file_ref idref="fl-c4"/>
      </object_component>
      <object_component id="oc-2c8">
         <name>.debug_info</name>
         <load_address>0xb0ae</load_address>
         <run_address>0xb0ae</run_address>
         <size>0x3fd</size>
         <input_file_ref idref="fl-c5"/>
      </object_component>
      <object_component id="oc-1fc">
         <name>.debug_info</name>
         <load_address>0xb4ab</load_address>
         <run_address>0xb4ab</run_address>
         <size>0x2e3</size>
         <input_file_ref idref="fl-c5"/>
      </object_component>
      <object_component id="oc-320">
         <name>.debug_info</name>
         <load_address>0xb78e</load_address>
         <run_address>0xb78e</run_address>
         <size>0x301</size>
         <input_file_ref idref="fl-c6"/>
      </object_component>
      <object_component id="oc-2b0">
         <name>.debug_info</name>
         <load_address>0xba8f</load_address>
         <run_address>0xba8f</run_address>
         <size>0x19d</size>
         <input_file_ref idref="fl-c6"/>
      </object_component>
      <object_component id="oc-35b">
         <name>.debug_info</name>
         <load_address>0xbc2c</load_address>
         <run_address>0xbc2c</run_address>
         <size>0xbf</size>
         <input_file_ref idref="fl-c6"/>
      </object_component>
      <object_component id="oc-35a">
         <name>.debug_info</name>
         <load_address>0xbceb</load_address>
         <run_address>0xbceb</run_address>
         <size>0x375</size>
         <input_file_ref idref="fl-c7"/>
      </object_component>
      <object_component id="oc-31a">
         <name>.debug_info</name>
         <load_address>0xc060</load_address>
         <run_address>0xc060</run_address>
         <size>0x20c</size>
         <input_file_ref idref="fl-c7"/>
      </object_component>
      <object_component id="oc-2f1">
         <name>.debug_info</name>
         <load_address>0xc26c</load_address>
         <run_address>0xc26c</run_address>
         <size>0x29b</size>
         <input_file_ref idref="fl-c8"/>
      </object_component>
      <object_component id="oc-279">
         <name>.debug_info</name>
         <load_address>0xc507</load_address>
         <run_address>0xc507</run_address>
         <size>0x196</size>
         <input_file_ref idref="fl-c8"/>
      </object_component>
      <object_component id="oc-335">
         <name>.debug_info</name>
         <load_address>0xc69d</load_address>
         <run_address>0xc69d</run_address>
         <size>0x39</size>
         <input_file_ref idref="fl-c8"/>
      </object_component>
      <object_component id="oc-2f2">
         <name>.debug_info</name>
         <load_address>0xc6d6</load_address>
         <run_address>0xc6d6</run_address>
         <size>0x2c</size>
         <input_file_ref idref="fl-c8"/>
      </object_component>
      <object_component id="oc-2fe">
         <name>.debug_info</name>
         <load_address>0xc702</load_address>
         <run_address>0xc702</run_address>
         <size>0x2fe</size>
         <input_file_ref idref="fl-c9"/>
      </object_component>
      <object_component id="oc-282">
         <name>.debug_info</name>
         <load_address>0xca00</load_address>
         <run_address>0xca00</run_address>
         <size>0x226</size>
         <input_file_ref idref="fl-c9"/>
      </object_component>
      <object_component id="oc-234">
         <name>.debug_info</name>
         <load_address>0xcc26</load_address>
         <run_address>0xcc26</run_address>
         <size>0x135</size>
         <input_file_ref idref="fl-ca"/>
      </object_component>
      <object_component id="oc-98">
         <name>.debug_info</name>
         <load_address>0xcd5b</load_address>
         <run_address>0xcd5b</run_address>
         <size>0x148</size>
         <input_file_ref idref="fl-cb"/>
      </object_component>
      <object_component id="oc-259">
         <name>.debug_info</name>
         <load_address>0xcea3</load_address>
         <run_address>0xcea3</run_address>
         <size>0x14d</size>
         <input_file_ref idref="fl-cc"/>
      </object_component>
      <object_component id="oc-1b4">
         <name>.debug_info</name>
         <load_address>0xcff0</load_address>
         <run_address>0xcff0</run_address>
         <size>0x129</size>
         <input_file_ref idref="fl-cd"/>
      </object_component>
      <object_component id="oc-244">
         <name>.debug_info</name>
         <load_address>0xd119</load_address>
         <run_address>0xd119</run_address>
         <size>0x12b</size>
         <input_file_ref idref="fl-cd"/>
      </object_component>
      <object_component id="oc-23f">
         <name>.debug_info</name>
         <load_address>0xd244</load_address>
         <run_address>0xd244</run_address>
         <size>0x13b</size>
         <input_file_ref idref="fl-ce"/>
      </object_component>
      <object_component id="oc-23a">
         <name>.debug_info</name>
         <load_address>0xd37f</load_address>
         <run_address>0xd37f</run_address>
         <size>0x13b</size>
         <input_file_ref idref="fl-cf"/>
      </object_component>
      <object_component id="oc-249">
         <name>.debug_info</name>
         <load_address>0xd4ba</load_address>
         <run_address>0xd4ba</run_address>
         <size>0x12f</size>
         <input_file_ref idref="fl-d0"/>
      </object_component>
      <object_component id="oc-254">
         <name>.debug_info</name>
         <load_address>0xd5e9</load_address>
         <run_address>0xd5e9</run_address>
         <size>0x12d</size>
         <input_file_ref idref="fl-d3"/>
      </object_component>
      <object_component id="oc-38">
         <name>.debug_info</name>
         <load_address>0xd716</load_address>
         <run_address>0xd716</run_address>
         <size>0x11a</size>
         <input_file_ref idref="fl-d4"/>
      </object_component>
      <object_component id="oc-96">
         <name>.debug_info</name>
         <load_address>0xd830</load_address>
         <run_address>0xd830</run_address>
         <size>0x2d5</size>
         <input_file_ref idref="fl-d5"/>
      </object_component>
      <object_component id="oc-4a">
         <name>.debug_info</name>
         <load_address>0xdb05</load_address>
         <run_address>0xdb05</run_address>
         <size>0x1b6</size>
         <input_file_ref idref="fl-d5"/>
      </object_component>
      <object_component id="oc-91">
         <name>.debug_info</name>
         <load_address>0xdcbb</load_address>
         <run_address>0xdcbb</run_address>
         <size>0x46</size>
         <input_file_ref idref="fl-d5"/>
      </object_component>
      <object_component id="oc-42">
         <name>.debug_info</name>
         <load_address>0xdd01</load_address>
         <run_address>0xdd01</run_address>
         <size>0x2a9</size>
         <input_file_ref idref="fl-d6"/>
      </object_component>
      <object_component id="oc-1b">
         <name>.debug_info</name>
         <load_address>0xdfaa</load_address>
         <run_address>0xdfaa</run_address>
         <size>0x1eb</size>
         <input_file_ref idref="fl-d6"/>
      </object_component>
      <object_component id="oc-3d">
         <name>.debug_info</name>
         <load_address>0xe195</load_address>
         <run_address>0xe195</run_address>
         <size>0x46</size>
         <input_file_ref idref="fl-d6"/>
      </object_component>
      <object_component id="oc-89">
         <name>.debug_info</name>
         <load_address>0xe1db</load_address>
         <run_address>0xe1db</run_address>
         <size>0x2c</size>
         <input_file_ref idref="fl-d6"/>
      </object_component>
      <object_component id="oc-87">
         <name>.debug_info</name>
         <load_address>0xe207</load_address>
         <run_address>0xe207</run_address>
         <size>0x29f</size>
         <input_file_ref idref="fl-d7"/>
      </object_component>
      <object_component id="oc-15">
         <name>.debug_info</name>
         <load_address>0xe4a6</load_address>
         <run_address>0xe4a6</run_address>
         <size>0x251</size>
         <input_file_ref idref="fl-d7"/>
      </object_component>
      <object_component id="oc-2d">
         <name>.debug_info</name>
         <load_address>0xe6f7</load_address>
         <run_address>0xe6f7</run_address>
         <size>0x60</size>
         <input_file_ref idref="fl-d7"/>
      </object_component>
      <object_component id="oc-ed">
         <name>.debug_info</name>
         <load_address>0xe757</load_address>
         <run_address>0xe757</run_address>
         <size>0x46</size>
         <input_file_ref idref="fl-d7"/>
      </object_component>
      <object_component id="oc-82">
         <name>.debug_info</name>
         <load_address>0xe79d</load_address>
         <run_address>0xe79d</run_address>
         <size>0x39</size>
         <input_file_ref idref="fl-d7"/>
      </object_component>
      <object_component id="oc-184">
         <name>.debug_info</name>
         <load_address>0xe7d6</load_address>
         <run_address>0xe7d6</run_address>
         <size>0x3ae</size>
         <input_file_ref idref="fl-d8"/>
      </object_component>
      <object_component id="oc-181">
         <name>.debug_info</name>
         <load_address>0xeb84</load_address>
         <run_address>0xeb84</run_address>
         <size>0x191</size>
         <input_file_ref idref="fl-d8"/>
      </object_component>
      <object_component id="oc-105">
         <name>.debug_info</name>
         <load_address>0xed15</load_address>
         <run_address>0xed15</run_address>
         <size>0x123</size>
         <input_file_ref idref="fl-d8"/>
      </object_component>
      <object_component id="oc-10b">
         <name>.debug_info</name>
         <load_address>0xee38</load_address>
         <run_address>0xee38</run_address>
         <size>0x185</size>
         <input_file_ref idref="fl-d8"/>
      </object_component>
      <object_component id="oc-1f5">
         <name>.debug_info</name>
         <load_address>0xefbd</load_address>
         <run_address>0xefbd</run_address>
         <size>0x2ca</size>
         <input_file_ref idref="fl-d9"/>
      </object_component>
      <object_component id="oc-167">
         <name>.debug_info</name>
         <load_address>0xf287</load_address>
         <run_address>0xf287</run_address>
         <size>0x11f</size>
         <input_file_ref idref="fl-d9"/>
      </object_component>
      <object_component id="oc-1ee">
         <name>.debug_info</name>
         <load_address>0xf3a6</load_address>
         <run_address>0xf3a6</run_address>
         <size>0x12f</size>
         <input_file_ref idref="fl-d9"/>
      </object_component>
      <object_component id="oc-231">
         <name>.debug_info</name>
         <load_address>0xf4d5</load_address>
         <run_address>0xf4d5</run_address>
         <size>0x2ba</size>
         <input_file_ref idref="fl-da"/>
      </object_component>
      <object_component id="oc-1a7">
         <name>.debug_info</name>
         <load_address>0xf78f</load_address>
         <run_address>0xf78f</run_address>
         <size>0x17d</size>
         <input_file_ref idref="fl-da"/>
      </object_component>
      <object_component id="oc-2db">
         <name>.debug_info</name>
         <load_address>0xf90c</load_address>
         <run_address>0xf90c</run_address>
         <size>0xfa</size>
         <input_file_ref idref="fl-db"/>
      </object_component>
      <object_component id="oc-22e">
         <name>.debug_info</name>
         <load_address>0xfa06</load_address>
         <run_address>0xfa06</run_address>
         <size>0x106</size>
         <input_file_ref idref="fl-db"/>
      </object_component>
      <object_component id="oc-1f9">
         <name>.debug_info</name>
         <load_address>0xfb0c</load_address>
         <run_address>0xfb0c</run_address>
         <size>0x145</size>
         <input_file_ref idref="fl-dc"/>
      </object_component>
      <object_component id="oc-16a">
         <name>.debug_info</name>
         <load_address>0xfc51</load_address>
         <run_address>0xfc51</run_address>
         <size>0x103</size>
         <input_file_ref idref="fl-dc"/>
      </object_component>
      <object_component id="oc-397">
         <name>.debug_info</name>
         <load_address>0xfd54</load_address>
         <run_address>0xfd54</run_address>
         <size>0x190</size>
         <input_file_ref idref="fl-dc"/>
      </object_component>
      <object_component id="oc-2e9">
         <name>.debug_info</name>
         <load_address>0xfee4</load_address>
         <run_address>0xfee4</run_address>
         <size>0x29c</size>
         <input_file_ref idref="fl-dd"/>
      </object_component>
      <object_component id="oc-24e">
         <name>.debug_info</name>
         <load_address>0x10180</load_address>
         <run_address>0x10180</run_address>
         <size>0x1ce</size>
         <input_file_ref idref="fl-dd"/>
      </object_component>
      <object_component id="oc-28c">
         <name>.debug_info</name>
         <load_address>0x1034e</load_address>
         <run_address>0x1034e</run_address>
         <size>0x297</size>
         <input_file_ref idref="fl-de"/>
      </object_component>
      <object_component id="oc-1d0">
         <name>.debug_info</name>
         <load_address>0x105e5</load_address>
         <run_address>0x105e5</run_address>
         <size>0x1b7</size>
         <input_file_ref idref="fl-de"/>
      </object_component>
      <object_component id="oc-322">
         <name>.debug_info</name>
         <load_address>0x1079c</load_address>
         <run_address>0x1079c</run_address>
         <size>0x2a6</size>
         <input_file_ref idref="fl-df"/>
      </object_component>
      <object_component id="oc-2b6">
         <name>.debug_info</name>
         <load_address>0x10a42</load_address>
         <run_address>0x10a42</run_address>
         <size>0x25e</size>
         <input_file_ref idref="fl-df"/>
      </object_component>
      <object_component id="oc-7e">
         <name>.debug_info</name>
         <load_address>0x10ca0</load_address>
         <run_address>0x10ca0</run_address>
         <size>0x3b3</size>
         <input_file_ref idref="fl-e0"/>
      </object_component>
      <object_component id="oc-27">
         <name>.debug_info</name>
         <load_address>0x11053</load_address>
         <run_address>0x11053</run_address>
         <size>0x10d</size>
         <input_file_ref idref="fl-e0"/>
      </object_component>
      <object_component id="oc-3cd">
         <name>.debug_info</name>
         <load_address>0x11160</load_address>
         <run_address>0x11160</run_address>
         <size>0x140</size>
         <input_file_ref idref="fl-e0"/>
      </object_component>
      <object_component id="oc-34e">
         <name>.debug_info</name>
         <load_address>0x112a0</load_address>
         <run_address>0x112a0</run_address>
         <size>0x169</size>
         <input_file_ref idref="fl-e0"/>
      </object_component>
      <object_component id="oc-37d">
         <name>.debug_info</name>
         <load_address>0x11409</load_address>
         <run_address>0x11409</run_address>
         <size>0x18f</size>
         <input_file_ref idref="fl-e0"/>
      </object_component>
      <object_component id="oc-383">
         <name>.debug_info</name>
         <load_address>0x11598</load_address>
         <run_address>0x11598</run_address>
         <size>0x1a0</size>
         <input_file_ref idref="fl-e0"/>
      </object_component>
      <object_component id="oc-348">
         <name>.debug_info</name>
         <load_address>0x11738</load_address>
         <run_address>0x11738</run_address>
         <size>0x204</size>
         <input_file_ref idref="fl-e0"/>
      </object_component>
      <object_component id="oc-3d2">
         <name>.debug_info</name>
         <load_address>0x1193c</load_address>
         <run_address>0x1193c</run_address>
         <size>0x1dc</size>
         <input_file_ref idref="fl-e0"/>
      </object_component>
      <object_component id="oc-38a">
         <name>.debug_info</name>
         <load_address>0x11b18</load_address>
         <run_address>0x11b18</run_address>
         <size>0x29a</size>
         <input_file_ref idref="fl-e0"/>
      </object_component>
      <object_component id="oc-e8">
         <name>.debug_info</name>
         <load_address>0x11db2</load_address>
         <run_address>0x11db2</run_address>
         <size>0xb2</size>
         <input_file_ref idref="fl-e0"/>
      </object_component>
      <object_component id="oc-e3">
         <name>.debug_info</name>
         <load_address>0x11e64</load_address>
         <run_address>0x11e64</run_address>
         <size>0x2c</size>
         <input_file_ref idref="fl-e0"/>
      </object_component>
      <object_component id="oc-300">
         <name>.debug_info</name>
         <load_address>0x11e90</load_address>
         <run_address>0x11e90</run_address>
         <size>0x29b</size>
         <input_file_ref idref="fl-e1"/>
      </object_component>
      <object_component id="oc-285">
         <name>.debug_info</name>
         <load_address>0x1212b</load_address>
         <run_address>0x1212b</run_address>
         <size>0x263</size>
         <input_file_ref idref="fl-e1"/>
      </object_component>
      <object_component id="oc-22c">
         <name>.debug_info</name>
         <load_address>0x1238e</load_address>
         <run_address>0x1238e</run_address>
         <size>0x290</size>
         <input_file_ref idref="fl-e2"/>
      </object_component>
      <object_component id="oc-1a1">
         <name>.debug_info</name>
         <load_address>0x1261e</load_address>
         <run_address>0x1261e</run_address>
         <size>0x246</size>
         <input_file_ref idref="fl-e2"/>
      </object_component>
      <object_component id="oc-14c">
         <name>.debug_info</name>
         <load_address>0x12864</load_address>
         <run_address>0x12864</run_address>
         <size>0x296</size>
         <input_file_ref idref="fl-e3"/>
      </object_component>
      <object_component id="oc-bd">
         <name>.debug_info</name>
         <load_address>0x12afa</load_address>
         <run_address>0x12afa</run_address>
         <size>0x1d2</size>
         <input_file_ref idref="fl-e3"/>
      </object_component>
      <object_component id="oc-329">
         <name>.debug_info</name>
         <load_address>0x12ccc</load_address>
         <run_address>0x12ccc</run_address>
         <size>0x398</size>
         <input_file_ref idref="fl-e4"/>
      </object_component>
      <object_component id="oc-2c2">
         <name>.debug_info</name>
         <load_address>0x13064</load_address>
         <run_address>0x13064</run_address>
         <size>0x190</size>
         <input_file_ref idref="fl-e4"/>
      </object_component>
      <object_component id="oc-36e">
         <name>.debug_info</name>
         <load_address>0x131f4</load_address>
         <run_address>0x131f4</run_address>
         <size>0x120</size>
         <input_file_ref idref="fl-e4"/>
      </object_component>
      <object_component id="oc-373">
         <name>.debug_info</name>
         <load_address>0x13314</load_address>
         <run_address>0x13314</run_address>
         <size>0x2c</size>
         <input_file_ref idref="fl-e4"/>
      </object_component>
      <object_component id="oc-36b">
         <name>.debug_info</name>
         <load_address>0x13340</load_address>
         <run_address>0x13340</run_address>
         <size>0x338</size>
         <input_file_ref idref="fl-e5"/>
      </object_component>
      <object_component id="oc-367">
         <name>.debug_info</name>
         <load_address>0x13678</load_address>
         <run_address>0x13678</run_address>
         <size>0x10a</size>
         <input_file_ref idref="fl-e5"/>
      </object_component>
      <object_component id="oc-326">
         <name>.debug_info</name>
         <load_address>0x13782</load_address>
         <run_address>0x13782</run_address>
         <size>0x10a</size>
         <input_file_ref idref="fl-e5"/>
      </object_component>
      <object_component id="oc-2a">
         <name>.debug_info</name>
         <load_address>0x1388c</load_address>
         <run_address>0x1388c</run_address>
         <size>0x10c</size>
         <input_file_ref idref="fl-e6"/>
      </object_component>
      <object_component id="oc-56">
         <name>.debug_info</name>
         <load_address>0x13998</load_address>
         <run_address>0x13998</run_address>
         <size>0x1aa</size>
         <input_file_ref idref="fl-e6"/>
      </object_component>
      <object_component id="oc-298">
         <name>.debug_info</name>
         <load_address>0x13b42</load_address>
         <run_address>0x13b42</run_address>
         <size>0x28a</size>
         <input_file_ref idref="fl-e7"/>
      </object_component>
      <object_component id="oc-295">
         <name>.debug_info</name>
         <load_address>0x13dcc</load_address>
         <run_address>0x13dcc</run_address>
         <size>0x10f</size>
         <input_file_ref idref="fl-e7"/>
[...]
      </symbol>
      <symbol id="sm-3b0">
         <name>__aeabi_memset</name>
         <value>0x2957</value>
         <object_component_ref idref="oc-97"/>
      </symbol>
      <symbol id="sm-3b1">
         <name>memset</name>
         <value>0x295d</value>
         <object_component_ref idref="oc-97"/>
      </symbol>
      <symbol id="sm-3b2">
         <name>__aeabi_memset8</name>
         <value>0x2957</value>
         <object_component_ref idref="oc-97"/>
      </symbol>
      <symbol id="sm-3b3">
         <name>__aeabi_memset4</name>
         <value>0x2957</value>
         <object_component_ref idref="oc-97"/>
      </symbol>
      <symbol id="sm-3b4">
         <name>__aeabi_memclr8</name>
         <value>0x2955</value>
         <object_component_ref idref="oc-97"/>
      </symbol>
      <symbol id="sm-3b5">
         <name>__aeabi_memclr4</name>
         <value>0x2955</value>
         <object_component_ref idref="oc-97"/>
      </symbol>
      <symbol id="sm-3b6">
         <name>__aeabi_memclr</name>
         <value>0x2955</value>
         <object_component_ref idref="oc-97"/>
      </symbol>
      <symbol id="sm-3cd">
         <name>__aeabi_dsub</name>
         <value>0x1929</value>
         <object_component_ref idref="oc-258"/>
      </symbol>
      <symbol id="sm-3ce">
         <name>__aeabi_dadd</name>
         <value>0x1933</value>
         <object_component_ref idref="oc-258"/>
      </symbol>
      <symbol id="sm-3f0">
         <name>__aeabi_cdcmpeq</name>
         <value>0x27cd</value>
         <object_component_ref idref="oc-1b2"/>
      </symbol>
      <symbol id="sm-3f1">
         <name>__aeabi_cdcmple</name>
         <value>0x27cd</value>
         <object_component_ref idref="oc-1b2"/>
      </symbol>
      <symbol id="sm-3f2">
         <name>__aeabi_cdrcmple</name>
         <value>0x2853</value>
         <object_component_ref idref="oc-243"/>
      </symbol>
      <symbol id="sm-406">
         <name>__aeabi_ddiv</name>
         <value>0x1c1d</value>
         <object_component_ref idref="oc-23e"/>
      </symbol>
      <symbol id="sm-411">
         <name>__aeabi_dmul</name>
         <value>0x21a9</value>
         <object_component_ref idref="oc-239"/>
      </symbol>
      <symbol id="sm-41b">
         <name>__aeabi_d2iz</name>
         <value>0x3121</value>
         <object_component_ref idref="oc-248"/>
      </symbol>
      <symbol id="sm-427">
         <name>__aeabi_i2d</name>
         <value>0x3429</value>
         <object_component_ref idref="oc-253"/>
      </symbol>
      <symbol id="sm-442">
         <name>memcpy</name>
         <value>0x260f</value>
         <object_component_ref idref="oc-37"/>
      </symbol>
      <symbol id="sm-443">
         <name>__aeabi_memcpy</name>
         <value>0x260f</value>
         <object_component_ref idref="oc-37"/>
      </symbol>
      <symbol id="sm-444">
         <name>__aeabi_memcpy8</name>
         <value>0x260f</value>
         <object_component_ref idref="oc-37"/>
      </symbol>
      <symbol id="sm-445">
         <name>__aeabi_memcpy4</name>
         <value>0x260f</value>
         <object_component_ref idref="oc-37"/>
      </symbol>
      <symbol id="sm-457">
         <name>__TI_zero_init</name>
         <value>0x35f3</value>
         <object_component_ref idref="oc-49"/>
      </symbol>
      <symbol id="sm-46e">
         <name>__TI_decompress_none</name>
         <value>0x35d7</value>
         <object_component_ref idref="oc-1a"/>
      </symbol>
      <symbol id="sm-491">
         <name>__TI_decompress_lzss</name>
         <value>0x2b85</value>
         <object_component_ref idref="oc-14"/>
      </symbol>
      <symbol id="sm-4b7">
         <name>C$$EXIT</name>
         <value>0x361d</value>
         <object_component_ref idref="oc-104"/>
      </symbol>
      <symbol id="sm-4b8">
         <name>abort</name>
         <value>0x361d</value>
         <object_component_ref idref="oc-104"/>
      </symbol>
      <symbol id="sm-4b9">
         <name>__TI_dtors_ptr</name>
         <value>0x2000179c</value>
         <object_component_ref idref="oc-180"/>
      </symbol>
      <symbol id="sm-4ba">
         <name>__TI_cleanup_ptr</name>
         <value>0x20001798</value>
         <object_component_ref idref="oc-180"/>
      </symbol>
      <symbol id="sm-4bb">
         <name>__TI_enable_exit_profile_output</name>
         <value>0x200017a0</value>
         <object_component_ref idref="oc-180"/>
      </symbol>
      <symbol id="sm-4bc">
         <name>exit</name>
         <value>0x30d9</value>
         <object_component_ref idref="oc-10a"/>
      </symbol>
      <symbol id="sm-4d1">
         <name>_nop</name>
         <value>0xb33</value>
         <object_component_ref idref="oc-1ed"/>
      </symbol>
      <symbol id="sm-4d2">
         <name>_lock</name>
         <value>0x200017a4</value>
         <object_component_ref idref="oc-166"/>
      </symbol>
      <symbol id="sm-4d3">
         <name>_unlock</name>
         <value>0x200017a8</value>
         <object_component_ref idref="oc-166"/>
      </symbol>
      <symbol id="sm-4e9">
         <name>atoi</name>
         <value>0x308d</value>
         <object_component_ref idref="oc-1a6"/>
      </symbol>
      <symbol id="sm-4f4">
         <name>_ctypes_</name>
         <value>0x3620</value>
         <object_component_ref idref="oc-22d"/>
      </symbol>
      <symbol id="sm-509">
         <name>__TI_tmpnams</name>
         <value>0x20001120</value>
      </symbol>
      <symbol id="sm-50a">
         <name>__aeabi_stdout</name>
         <value>0x20001790</value>
         <object_component_ref idref="oc-396"/>
      </symbol>
      <symbol id="sm-50b">
         <name>__aeabi_stderr</name>
         <value>0x20001794</value>
         <object_component_ref idref="oc-396"/>
      </symbol>
      <symbol id="sm-50c">
         <name>__aeabi_stdin</name>
         <value>0x2000178c</value>
         <object_component_ref idref="oc-396"/>
      </symbol>
      <symbol id="sm-50d">
         <name>_ftable</name>
         <value>0x200015d0</value>
         <object_component_ref idref="oc-169"/>
      </symbol>
      <symbol id="sm-50e">
         <name>__TI_ft_end</name>
         <value>0x20001788</value>
         <object_component_ref idref="oc-396"/>
      </symbol>
      <symbol id="sm-51d">
         <name>ltoa</name>
         <value>0x2f43</value>
         <object_component_ref idref="oc-24d"/>
      </symbol>
      <symbol id="sm-52d">
         <name>memccpy</name>
         <value>0x3539</value>
         <object_component_ref idref="oc-1cf"/>
      </symbol>
      <symbol id="sm-53d">
         <name>memchr</name>
         <value>0x34fd</value>
         <object_component_ref idref="oc-2b5"/>
      </symbol>
      <symbol id="sm-5c4">
         <name>_sys_memory</name>
         <value>0x200011d0</value>
         <object_component_ref idref="oc-26"/>
      </symbol>
      <symbol id="sm-5c5">
         <name>free</name>
         <value>0x2399</value>
         <object_component_ref idref="oc-347"/>
      </symbol>
      <symbol id="sm-5c6">
         <name>memalign</name>
         <value>0x22a5</value>
         <object_component_ref idref="oc-389"/>
      </symbol>
      <symbol id="sm-5c7">
         <name>malloc</name>
         <value>0x3609</value>
         <object_component_ref idref="oc-34d"/>
      </symbol>
      <symbol id="sm-5c8">
         <name>aligned_alloc</name>
         <value>0x22a5</value>
         <object_component_ref idref="oc-389"/>
      </symbol>
      <symbol id="sm-5d8">
         <name>strchr</name>
         <value>0x3587</value>
         <object_component_ref idref="oc-284"/>
      </symbol>
      <symbol id="sm-5e6">
         <name>strlen</name>
         <value>0x35b1</value>
         <object_component_ref idref="oc-1a0"/>
      </symbol>
      <symbol id="sm-5f9">
         <name>strstr</name>
         <value>0x33c5</value>
         <object_component_ref idref="oc-bc"/>
      </symbol>
      <symbol id="sm-613">
         <name>write</name>
         <value>0x34d5</value>
         <object_component_ref idref="oc-2c1"/>
      </symbol>
      <symbol id="sm-624">
         <name>_stream</name>
         <value>0x20001738</value>
         <object_component_ref idref="oc-325"/>
      </symbol>
      <symbol id="sm-625">
         <name>_device</name>
         <value>0x200016c0</value>
         <object_component_ref idref="oc-366"/>
      </symbol>
      <symbol id="sm-638">
         <name>__stack</name>
         <value>0x2000fe00</value>
         <object_component_ref idref="oc-29"/>
      </symbol>
      <symbol id="sm-639">
         <name>_c_int00_noargs</name>
         <value>0x3391</value>
         <object_component_ref idref="oc-55"/>
      </symbol>
      <symbol id="sm-64f">
         <name>__aeabi_errno_addr</name>
         <value>0x3601</value>
         <object_component_ref idref="oc-1db"/>
      </symbol>
      <symbol id="sm-650">
         <name>errno</name>
         <value>0x200017bc</value>
         <object_component_ref idref="oc-294"/>
      </symbol>
      <symbol id="sm-669">
         <name>wcslen</name>
         <value>0x35c5</value>
         <object_component_ref idref="oc-1d5"/>
      </symbol>
      <symbol id="sm-673">
         <name>copysign</name>
         <value>0x3555</value>
         <object_component_ref idref="oc-2f7"/>
      </symbol>
      <symbol id="sm-674">
         <name>copysignl</name>
         <value>0x3555</value>
         <object_component_ref idref="oc-2f7"/>
      </symbol>
      <symbol id="sm-684">
         <name>__TI_doflush</name>
         <value>0x303f</value>
         <object_component_ref idref="oc-2bb"/>
      </symbol>
      <symbol id="sm-694">
         <name>__TI_cleanup</name>
         <value>0x3329</value>
         <object_component_ref idref="oc-353"/>
      </symbol>
      <symbol id="sm-6a6">
         <name>fseek</name>
         <value>0x2cb9</value>
         <object_component_ref idref="oc-313"/>
      </symbol>
      <symbol id="sm-6b0">
         <name>__aeabi_idiv0</name>
         <value>0x1adf</value>
         <object_component_ref idref="oc-2de"/>
      </symbol>
      <symbol id="sm-6b1">
         <name>__aeabi_ldiv0</name>
         <value>0x1adf</value>
         <object_component_ref idref="oc-2de"/>
      </symbol>
      <symbol id="sm-6d9">
         <name>__TI_auto_init_nobinit_nopinit</name>
         <value>0x31f1</value>
         <object_component_ref idref="oc-110"/>
      </symbol>
      <symbol id="sm-6e3">
         <name>_system_pre_init</name>
         <value>0x3619</value>
         <object_component_ref idref="oc-9d"/>
      </symbol>
      <symbol id="sm-6f6">
         <name>HOSTclose</name>
         <value>0x3169</value>
         <object_component_ref idref="oc-3a2"/>
      </symbol>
      <symbol id="sm-707">
         <name>HOSTlseek</name>
         <value>0x2ab5</value>
         <object_component_ref idref="oc-3b4"/>
      </symbol>
      <symbol id="sm-719">
         <name>parmbuf</name>
         <value>0x200011c0</value>
      </symbol>
      <symbol id="sm-71a">
         <name>HOSTopen</name>
         <value>0x2d81</value>
         <object_component_ref idref="oc-39c"/>
      </symbol>
      <symbol id="sm-72b">
         <name>HOSTread</name>
         <value>0x2e3d</value>
         <object_component_ref idref="oc-3a8"/>
      </symbol>
      <symbol id="sm-73c">
         <name>HOSTrename</name>
         <value>0x2b1d</value>
         <object_component_ref idref="oc-3c0"/>
      </symbol>
      <symbol id="sm-74d">
         <name>HOSTunlink</name>
         <value>0x31ad</value>
         <object_component_ref idref="oc-3ba"/>
      </symbol>
      <symbol id="sm-75e">
         <name>HOSTwrite</name>
         <value>0x2e95</value>
         <object_component_ref idref="oc-3ae"/>
      </symbol>
      <symbol id="sm-782">
         <name>__TI_readmsg</name>
         <value>0x335d</value>
         <object_component_ref idref="oc-3ef"/>
      </symbol>
      <symbol id="sm-783">
         <name>C$$IO$$</name>
         <value>0x32e7</value>
         <object_component_ref idref="oc-3e9"/>
      </symbol>
      <symbol id="sm-784">
         <name>__CIOBUF_</name>
         <value>0x20001000</value>
         <object_component_ref idref="oc-41a"/>
      </symbol>
      <symbol id="sm-785">
         <name>__TI_writemsg</name>
         <value>0x32b9</value>
         <object_component_ref idref="oc-3e9"/>
      </symbol>
      <symbol id="sm-796">
         <name>lseek</name>
         <value>0x34ad</value>
         <object_component_ref idref="oc-33f"/>
      </symbol>
      <symbol id="sm-7ab">
         <name>__TI_closefile</name>
         <value>0x29d1</value>
         <object_component_ref idref="oc-390"/>
      </symbol>
      <symbol id="sm-7ce">
         <name>finddevice</name>
         <value>0x33f9</value>
         <object_component_ref idref="oc-438"/>
      </symbol>
      <symbol id="sm-7cf">
         <name>getdevice</name>
         <value>0x3235</value>
         <object_component_ref idref="oc-410"/>
      </symbol>
      <symbol id="sm-7de">
         <name>strcmp</name>
         <value>0x356f</value>
         <object_component_ref idref="oc-44f"/>
      </symbol>
      <symbol id="sm-7ec">
         <name>strcpy</name>
         <value>0x359d</value>
         <object_component_ref idref="oc-403"/>
      </symbol>
      <symbol id="sm-7fc">
         <name>strncpy</name>
         <value>0x32f1</value>
         <object_component_ref idref="oc-432"/>
      </symbol>
      <symbol id="sm-811">
         <name>close</name>
         <value>0x2de1</value>
         <object_component_ref idref="oc-3d8"/>
      </symbol>
      <symbol id="sm-821">
         <name>unlink</name>
         <value>0x3459</value>
         <object_component_ref idref="oc-3de"/>
      </symbol>
      <symbol id="sm-822">
         <name>__TI_static_base__</name>
         <value>0x0</value>
      </symbol>
      <symbol id="sm-825">
         <name>__mpu_init</name>
         <value>0x0</value>
      </symbol>
      <symbol id="sm-826">
         <name>_system_post_cinit</name>
         <value>0x0</value>
      </symbol>
      <symbol id="sm-827">
         <name>NMI_Handler</name>
         <value>0x35f1</value>
      </symbol>
      <symbol id="sm-828">
         <name>HardFault_Handler</name>
         <value>0x35f1</value>
      </symbol>
      <symbol id="sm-829">
         <name>MemManage_Handler</name>
         <value>0x35f1</value>
      </symbol>
      <symbol id="sm-82a">
         <name>BusFault_Handler</name>
         <value>0x35f1</value>
      </symbol>
      <symbol id="sm-82b">
         <name>UsageFault_Handler</name>
         <value>0x35f1</value>
      </symbol>
      <symbol id="sm-82c">
         <name>SVC_Handler</name>
         <value>0x35f1</value>
      </symbol>
      <symbol id="sm-82d">
         <name>DebugMon_Handler</name>
         <value>0x35f1</value>
      </symbol>
      <symbol id="sm-82e">
         <name>PendSV_Handler</name>
         <value>0x35f1</value>
      </symbol>
      <symbol id="sm-82f">
         <name>SysTick_Handler</name>
         <value>0x35f1</value>
      </symbol>
      <symbol id="sm-830">
         <name>PSS_IRQHandler</name>
         <value>0x35f1</value>
      </symbol>
      <symbol id="sm-831">
         <name>CS_IRQHandler</name>
         <value>0x35f1</value>
      </symbol>
      <symbol id="sm-832">
         <name>PCM_IRQHandler</name>
         <value>0x35f1</value>
      </symbol>
      <symbol id="sm-833">
         <name>WDT_A_IRQHandler</name>
         <value>0x35f1</value>
      </symbol>
      <symbol id="sm-834">
         <name>FPU_IRQHandler</name>
         <value>0x35f1</value>
      </symbol>
      <symbol id="sm-835">
         <name>FLCTL_IRQHandler</name>
         <value>0x35f1</value>
      </symbol>
      <symbol id="sm-836">
         <name>COMP_E0_IRQHandler</name>
         <value>0x35f1</value>
      </symbol>
      <symbol id="sm-837">
         <name>COMP_E1_IRQHandler</name>
         <value>0x35f1</value>
      </symbol>
      <symbol id="sm-838">
         <name>TA0_0_IRQHandler</name>
         <value>0x35f1</value>
      </symbol>
      <symbol id="sm-839">
         <name>TA0_N_IRQHandler</name>
         <value>0x35f1</value>
      </symbol>
      <symbol id="sm-83a">
         <name>TA1_0_IRQHandler</name>
         <value>0x35f1</value>
      </symbol>
      <symbol id="sm-83b">
         <name>TA1_N_IRQHandler</name>
         <value>0x35f1</value>
      </symbol>
      <symbol id="sm-83c">
         <name>TA2_0_IRQHandler</name>
         <value>0x35f1</value>
      </symbol>
      <symbol id="sm-83d">
         <name>TA2_N_IRQHandler</name>
         <value>0x35f1</value>
      </symbol>
      <symbol id="sm-83e">
         <name>TA3_0_IRQHandler</name>
         <value>0x35f1</value>
      </symbol>
      <symbol id="sm-83f">
         <name>TA3_N_IRQHandler</name>
         <value>0x35f1</value>
      </symbol>
      <symbol id="sm-840">
         <name>EUSCIA0_IRQHandler</name>
         <value>0x35f1</value>
      </symbol>
      <symbol id="sm-841">
         <name>EUSCIA1_IRQHandler</name>
         <value>0x35f1</value>
      </symbol>
      <symbol id="sm-842">
         <name>EUSCIA2_IRQHandler</name>
         <value>0x16e7</value>
      </symbol>
      <symbol id="sm-843">
         <name>EUSCIA3_IRQHandler</name>
         <value>0x35f1</value>
      </symbol>
      <symbol id="sm-844">
         <name>EUSCIB0_IRQHandler</name>
         <value>0x35f1</value>
      </symbol>
      <symbol id="sm-845">
         <name>EUSCIB1_IRQHandler</name>
         <value>0x35f1</value>
      </symbol>
      <symbol id="sm-846">
         <name>EUSCIB2_IRQHandler</name>
         <value>0x35f1</value>
      </symbol>
      <symbol id="sm-847">
         <name>EUSCIB3_IRQHandler</name>
         <value>0x35f1</value>
      </symbol>
      <symbol id="sm-848">
         <name>ADC14_IRQHandler</name>
         <value>0x35f1</value>
      </symbol>
      <symbol id="sm-849">
         <name>T32_INT1_IRQHandler</name>
         <value>0x35f1</value>
      </symbol>
      <symbol id="sm-84a">
         <name>T32_INT2_IRQHandler</name>
         <value>0x35f1</value>
      </symbol>
      <symbol id="sm-84b">
         <name>T32_INTC_IRQHandler</name>
         <value>0x35f1</value>
      </symbol>
      <symbol id="sm-84c">
         <name>AES256_IRQHandler</name>
         <value>0x35f1</value>
      </symbol>
      <symbol id="sm-84d">
         <name>RTC_C_IRQHandler</name>
         <value>0x35f1</value>
      </symbol>
      <symbol id="sm-84e">
         <name>DMA_ERR_IRQHandler</name>
         <value>0x35f1</value>
      </symbol>
      <symbol id="sm-84f">
         <name>DMA_INT3_IRQHandler</name>
         <value>0x35f1</value>
      </symbol>
      <symbol id="sm-850">
         <name>DMA_INT2_IRQHandler</name>
         <value>0x35f1</value>
      </symbol>
      <symbol id="sm-851">
         <name>DMA_INT1_IRQHandler</name>
         <value>0x35f1</value>
      </symbol>
      <symbol id="sm-852">
         <name>DMA_INT0_IRQHandler</name>
         <value>0x35f1</value>
      </symbol>
      <symbol id="sm-853">
         <name>PORT1_IRQHandler</name>
         <value>0x35f1</value>
      </symbol>
      <symbol id="sm-854">
         <name>PORT2_IRQHandler</name>
         <value>0x35f1</value>
      </symbol>
      <symbol id="sm-855">
         <name>PORT3_IRQHandler</name>
         <value>0x35f1</value>
      </symbol>
      <symbol id="sm-856">
         <name>PORT4_IRQHandler</name>
         <value>0x35f1</value>
      </symbol>
      <symbol id="sm-857">
         <name>PORT5_IRQHandler</name>
         <value>0x2129</value>
      </symbol>
      <symbol id="sm-858">
         <name>PORT6_IRQHandler</name>
         <value>0x35f1</value>
      </symbol>
      <symbol id="sm-859">
         <name>remove</name>
         <value>0x3459</value>
      </symbol>
   </symbol_table>
   <title>Link successful</title>
</link_info>
